This is XeTeX, Version 3.141592653-2.6-0.999997 (TeX Live 2025) (preloaded format=xelatex 2026.2.1)  2 AUG 2026 22:44
entering extended mode
 restricted \write18 enabled.
 file:line:error style messages enabled.
 %&-line parsing enabled.
**main.tex
(./main.tex
LaTeX2e <2024-11-01> patch level 2
L3 programming layer <2025-01-18>
(d:/Program Files/Texlive/texlive/2025/texmf-dist/tex/latex/ctex/ctexrep.cls
(d:/Program Files/Texlive/texlive/2025/texmf-dist/tex/latex/ctex/config/ctexbac
kend.cfg
File: ctexbackend.cfg 2022/07/14 v2.5.10 Backend configuration file (CTEX)
)
(d:/Program Files/Texlive/texlive/2025/texmf-dist/tex/latex/l3kernel/expl3.sty
Package: expl3 2025-01-18 L3 programming layer (loader) 

(d:/Program Files/Texlive/texlive/2025/texmf-dist/tex/latex/l3backend/l3backend
-xetex.def
File: l3backend-xetex.def 2024-05-08 L3 backend support: XeTeX
\g__graphics_track_int=\count192
\l__pdf_internal_box=\box52
\g__pdf_backend_annotation_int=\count193
\g__pdf_backend_link_int=\count194
))
Document Class: ctexrep 2022/07/14 v2.5.10 Chinese adapter for class report (CT
EX)
(d:/Program Files/Texlive/texlive/2025/texmf-dist/tex/latex/ctex/ctexhook.sty
Package: ctexhook 2022/07/14 v2.5.10 Document and package hooks (CTEX)
)
(d:/Program Files/Texlive/texlive/2025/texmf-dist/tex/latex/ctex/ctexpatch.sty
Package: ctexpatch 2022/07/14 v2.5.10 Patching commands (CTEX)
) (d:/Program Files/Texlive/texlive/2025/texmf-dist/tex/latex/base/fix-cm.sty
Package: fix-cm 2020/11/24 v1.1t fixes to LaTeX

(d:/Program Files/Texlive/texlive/2025/texmf-dist/tex/latex/base/ts1enc.def
File: ts1enc.def 2001/06/05 v3.0e (jk/car/fm) Standard LaTeX file
LaTeX Font Info:    Redeclaring font encoding TS1 on input line 47.
))
\l__ctex_tmp_int=\count195
\l__ctex_tmp_box=\box53
\l__ctex_tmp_dim=\dimen141
\g__ctex_section_depth_int=\count196
\g__ctex_font_size_int=\count197

(d:/Program Files/Texlive/texlive/2025/texmf-dist/tex/latex/ctex/config/ctexopt
s.cfg
File: ctexopts.cfg 2022/07/14 v2.5.10 Option configuration file (CTEX)
)
(d:/Program Files/Texlive/texlive/2025/texmf-dist/tex/latex/base/report.cls
Document Class: report 2024/06/29 v1.4n Standard LaTeX document class
(d:/Program Files/Texlive/texlive/2025/texmf-dist/tex/latex/base/size12.clo
File: size12.clo 2024/06/29 v1.4n Standard LaTeX file (size option)
)
\c@part=\count198
\c@chapter=\count199
\c@section=\count266
\c@subsection=\count267
\c@subsubsection=\count268
\c@paragraph=\count269
\c@subparagraph=\count270
\c@figure=\count271
\c@table=\count272
\abovecaptionskip=\skip49
\belowcaptionskip=\skip50
\bibindent=\dimen142
)
(d:/Program Files/Texlive/texlive/2025/texmf-dist/tex/latex/ctex/engine/ctex-en
gine-xetex.def
File: ctex-engine-xetex.def 2022/07/14 v2.5.10 XeLaTeX adapter (CTEX)

(d:/Program Files/Texlive/texlive/2025/texmf-dist/tex/xelatex/xecjk/xeCJK.sty
Package: xeCJK 2022/08/05 v3.9.1 Typesetting CJK scripts with XeLaTeX

(d:/Program Files/Texlive/texlive/2025/texmf-dist/tex/latex/l3packages/xtemplat
e/xtemplate.sty
Package: xtemplate 2024-08-16 L3 Experimental prototype document functions
)
\l__xeCJK_tmp_int=\count273
\l__xeCJK_tmp_box=\box54
\l__xeCJK_tmp_dim=\dimen143
\l__xeCJK_tmp_skip=\skip51
\g__xeCJK_space_factor_int=\count274
\l__xeCJK_begin_int=\count275
\l__xeCJK_end_int=\count276
\c__xeCJK_CJK_class_int=\XeTeXcharclass1
\c__xeCJK_FullLeft_class_int=\XeTeXcharclass2
\c__xeCJK_FullRight_class_int=\XeTeXcharclass3
\c__xeCJK_HalfLeft_class_int=\XeTeXcharclass4
\c__xeCJK_HalfRight_class_int=\XeTeXcharclass5
\c__xeCJK_NormalSpace_class_int=\XeTeXcharclass6
\c__xeCJK_CM_class_int=\XeTeXcharclass7
\c__xeCJK_HangulJamo_class_int=\XeTeXcharclass8
\l__xeCJK_last_skip=\skip52
\c__xeCJK_none_node=\count277
\g__xeCJK_node_int=\count278
\c__xeCJK_CJK_node_dim=\dimen144
\c__xeCJK_CJK-space_node_dim=\dimen145
\c__xeCJK_default_node_dim=\dimen146
\c__xeCJK_CJK-widow_node_dim=\dimen147
\c__xeCJK_normalspace_node_dim=\dimen148
\c__xeCJK_default-space_node_skip=\skip53
\l__xeCJK_ccglue_skip=\skip54
\l__xeCJK_ecglue_skip=\skip55
\l__xeCJK_punct_kern_skip=\skip56
\l__xeCJK_indent_box=\box55
\l__xeCJK_last_penalty_int=\count279
\l__xeCJK_last_bound_dim=\dimen149
\l__xeCJK_last_kern_dim=\dimen150
\l__xeCJK_widow_penalty_int=\count280

LaTeX template Info: Declaring template type 'xeCJK/punctuation' taking 0
(template)           argument(s) on line 2396.

\l__xeCJK_fixed_punct_width_dim=\dimen151
\l__xeCJK_mixed_punct_width_dim=\dimen152
\l__xeCJK_middle_punct_width_dim=\dimen153
\l__xeCJK_fixed_margin_width_dim=\dimen154
\l__xeCJK_mixed_margin_width_dim=\dimen155
\l__xeCJK_middle_margin_width_dim=\dimen156
\l__xeCJK_bound_punct_width_dim=\dimen157
\l__xeCJK_bound_margin_width_dim=\dimen158
\l__xeCJK_margin_minimum_dim=\dimen159
\l__xeCJK_kerning_total_width_dim=\dimen160
\l__xeCJK_same_align_margin_dim=\dimen161
\l__xeCJK_different_align_margin_dim=\dimen162
\l__xeCJK_kerning_margin_width_dim=\dimen163
\l__xeCJK_kerning_margin_minimum_dim=\dimen164
\l__xeCJK_bound_dim=\dimen165
\l__xeCJK_reverse_bound_dim=\dimen166
\l__xeCJK_margin_dim=\dimen167
\l__xeCJK_minimum_bound_dim=\dimen168
\l__xeCJK_kerning_margin_dim=\dimen169
\g__xeCJK_family_int=\count281
\l__xeCJK_fam_int=\count282
\g__xeCJK_fam_allocation_int=\count283
\l__xeCJK_verb_case_int=\count284
\l__xeCJK_verb_exspace_skip=\skip57

(d:/Program Files/Texlive/texlive/2025/texmf-dist/tex/latex/fontspec/fontspec.s
ty
(d:/Program Files/Texlive/texlive/2025/texmf-dist/tex/latex/l3packages/xparse/x
parse.sty
Package: xparse 2024-08-16 L3 Experimental document command parser
)
Package: fontspec 2024/05/11 v2.9e Font selection for XeLaTeX and LuaLaTeX

(d:/Program Files/Texlive/texlive/2025/texmf-dist/tex/latex/fontspec/fontspec-x
etex.sty
Package: fontspec-xetex 2024/05/11 v2.9e Font selection for XeLaTeX and LuaLaTe
X
\l__fontspec_script_int=\count285
\l__fontspec_language_int=\count286
\l__fontspec_strnum_int=\count287
\l__fontspec_tmp_int=\count288
\l__fontspec_tmpa_int=\count289
\l__fontspec_tmpb_int=\count290
\l__fontspec_tmpc_int=\count291
\l__fontspec_em_int=\count292
\l__fontspec_emdef_int=\count293
\l__fontspec_strong_int=\count294
\l__fontspec_strongdef_int=\count295
\l__fontspec_tmpa_dim=\dimen170
\l__fontspec_tmpb_dim=\dimen171
\l__fontspec_tmpc_dim=\dimen172

(d:/Program Files/Texlive/texlive/2025/texmf-dist/tex/latex/base/fontenc.sty
Package: fontenc 2021/04/29 v2.0v Standard LaTeX package
)
(d:/Program Files/Texlive/texlive/2025/texmf-dist/tex/latex/fontspec/fontspec.c
fg)))
(d:/Program Files/Texlive/texlive/2025/texmf-dist/tex/xelatex/xecjk/xeCJK.cfg
File: xeCJK.cfg 2022/08/05 v3.9.1 Configuration file for xeCJK package
))
\ccwd=\dimen173
\l__ctex_ccglue_skip=\skip58
)
\l__ctex_ziju_dim=\dimen174

(d:/Program Files/Texlive/texlive/2025/texmf-dist/tex/latex/zhnumber/zhnumber.s
ty
Package: zhnumber 2022/07/14 v3.0 Typesetting numbers with Chinese glyphs
\l__zhnum_scale_int=\count296
\l__zhnum_tmp_int=\count297

(d:/Program Files/Texlive/texlive/2025/texmf-dist/tex/latex/zhnumber/zhnumber-u
tf8.cfg
File: zhnumber-utf8.cfg 2022/07/14 v3.0 Chinese numerals with UTF8 encoding
))
\l__ctex_heading_skip=\skip59

(d:/Program Files/Texlive/texlive/2025/texmf-dist/tex/latex/ctex/scheme/ctex-sc
heme-chinese-report.def
File: ctex-scheme-chinese-report.def 2022/07/14 v2.5.10 Chinese scheme for repo
rt (CTEX)

(d:/Program Files/Texlive/texlive/2025/texmf-dist/tex/latex/ctex/config/ctex-na
me-utf8.cfg
File: ctex-name-utf8.cfg 2022/07/14 v2.5.10 Caption with encoding UTF-8 (CTEX)
))
(d:/Program Files/Texlive/texlive/2025/texmf-dist/tex/latex/ctex/fontset/ctex-f
ontset-windows.def
File: ctex-fontset-windows.def 2022/07/14 v2.5.10 Windows fonts definition (CTE
X)

Package fontspec Info: 
(fontspec)             Could not resolve font "KaiTi/B" (it probably doesn't
(fontspec)             exist).


Package fontspec Info: 
(fontspec)             Could not resolve font "SimHei/I" (it probably doesn't
(fontspec)             exist).


Package fontspec Info: 
(fontspec)             Could not resolve font "SimSun/BI" (it probably doesn't
(fontspec)             exist).


Package fontspec Info: 
(fontspec)             Font family 'SimSun(0)' created for font 'SimSun' with
(fontspec)             options
(fontspec)             [Script={CJK},BoldFont={SimHei},ItalicFont={KaiTi}].
(fontspec)              
(fontspec)              This font family consists of the following NFSS
(fontspec)             series/shapes:
(fontspec)              
(fontspec)             - 'normal' (m/n) with NFSS spec.:
(fontspec)             <->"SimSun/OT:script=hani;language=dflt;"
(fontspec)             - 'bold' (b/n) with NFSS spec.:
(fontspec)             <->"SimHei/OT:script=hani;language=dflt;"
(fontspec)             - 'italic' (m/it) with NFSS spec.:
(fontspec)             <->"KaiTi/OT:script=hani;language=dflt;"

))
(d:/Program Files/Texlive/texlive/2025/texmf-dist/tex/latex/ctex/config/ctex.cf
g
File: ctex.cfg 2022/07/14 v2.5.10 Configuration file (CTEX)
)
(d:/Program Files/Texlive/texlive/2025/texmf-dist/tex/latex/geometry/geometry.s
ty
Package: geometry 2020/01/02 v5.9 Page Geometry

(d:/Program Files/Texlive/texlive/2025/texmf-dist/tex/latex/graphics/keyval.sty
Package: keyval 2022/05/29 v1.15 key=value parser (DPC)
\KV@toks@=\toks17
)
(d:/Program Files/Texlive/texlive/2025/texmf-dist/tex/generic/iftex/ifvtex.sty
Package: ifvtex 2019/10/25 v1.7 ifvtex legacy package. Use iftex instead.

(d:/Program Files/Texlive/texlive/2025/texmf-dist/tex/generic/iftex/iftex.sty
Package: iftex 2024/12/12 v1.0g TeX engine tests
))
\Gm@cnth=\count298
\Gm@cntv=\count299
\c@Gm@tempcnt=\count300
\Gm@bindingoffset=\dimen175
\Gm@wd@mp=\dimen176
\Gm@odd@mp=\dimen177
\Gm@even@mp=\dimen178
\Gm@layoutwidth=\dimen179
\Gm@layoutheight=\dimen180
\Gm@layouthoffset=\dimen181
\Gm@layoutvoffset=\dimen182
\Gm@dimlist=\toks18
)
(d:/Program Files/Texlive/texlive/2025/texmf-dist/tex/latex/amsmath/amsmath.sty
Package: amsmath 2024/11/05 v2.17t AMS math features
\@mathmargin=\skip60
For additional information on amsmath, use the `?' option.

(d:/Program Files/Texlive/texlive/2025/texmf-dist/tex/latex/amsmath/amstext.sty
Package: amstext 2021/08/26 v2.01 AMS text
(d:/Program Files/Texlive/texlive/2025/texmf-dist/tex/latex/amsmath/amsgen.sty
File: amsgen.sty 1999/11/30 v2.0 generic functions
\@emptytoks=\toks19
\ex@=\dimen183
))
(d:/Program Files/Texlive/texlive/2025/texmf-dist/tex/latex/amsmath/amsbsy.sty
Package: amsbsy 1999/11/29 v1.2d Bold Symbols
\pmbraise@=\dimen184
) (d:/Program Files/Texlive/texlive/2025/texmf-dist/tex/latex/amsmath/amsopn.st
y
Package: amsopn 2022/04/08 v2.04 operator names
)
\inf@bad=\count301
LaTeX Info: Redefining \frac on input line 233.
\uproot@=\count302
\leftroot@=\count303
LaTeX Info: Redefining \overline on input line 398.
LaTeX Info: Redefining \colon on input line 409.
\classnum@=\count304
\DOTSCASE@=\count305
LaTeX Info: Redefining \ldots on input line 495.
LaTeX Info: Redefining \dots on input line 498.
LaTeX Info: Redefining \cdots on input line 619.
\Mathstrutbox@=\box56
\strutbox@=\box57
LaTeX Info: Redefining \big on input line 721.
LaTeX Info: Redefining \Big on input line 722.
LaTeX Info: Redefining \bigg on input line 723.
LaTeX Info: Redefining \Bigg on input line 724.
\big@size=\dimen185
LaTeX Font Info:    Redeclaring font encoding OML on input line 742.
LaTeX Font Info:    Redeclaring font encoding OMS on input line 743.
\macc@depth=\count306
LaTeX Info: Redefining \bmod on input line 904.
LaTeX Info: Redefining \pmod on input line 909.
LaTeX Info: Redefining \smash on input line 939.
LaTeX Info: Redefining \relbar on input line 969.
LaTeX Info: Redefining \Relbar on input line 970.
\c@MaxMatrixCols=\count307
\dotsspace@=\muskip17
\c@parentequation=\count308
\dspbrk@lvl=\count309
\tag@help=\toks20
\row@=\count310
\column@=\count311
\maxfields@=\count312
\andhelp@=\toks21
\eqnshift@=\dimen186
\alignsep@=\dimen187
\tagshift@=\dimen188
\tagwidth@=\dimen189
\totwidth@=\dimen190
\lineht@=\dimen191
\@envbody=\toks22
\multlinegap=\skip61
\multlinetaggap=\skip62
\mathdisplay@stack=\toks23
LaTeX Info: Redefining \[ on input line 2953.
LaTeX Info: Redefining \] on input line 2954.
)
(d:/Program Files/Texlive/texlive/2025/texmf-dist/tex/latex/amsfonts/amssymb.st
y
Package: amssymb 2013/01/14 v3.01 AMS font symbols

(d:/Program Files/Texlive/texlive/2025/texmf-dist/tex/latex/amsfonts/amsfonts.s
ty
Package: amsfonts 2013/01/14 v3.01 Basic AMSFonts support
\symAMSa=\mathgroup4
\symAMSb=\mathgroup5
LaTeX Font Info:    Redeclaring math symbol \hbar on input line 98.
LaTeX Font Info:    Overwriting math alphabet `\mathfrak' in version `bold'
(Font)                  U/euf/m/n --> U/euf/b/n on input line 106.
)) (d:/Program Files/Texlive/texlive/2025/texmf-dist/tex/latex/tools/bm.sty
Package: bm 2023/12/19 v1.2f Bold Symbol Support (DPC/FMi)
\symboldoperators=\mathgroup6
\symboldletters=\mathgroup7
\symboldsymbols=\mathgroup8
Package bm Info: No bold for \OMX/cmex/m/n, using \pmb.
Package bm Info: No bold for \U/msa/m/n, using \pmb.
Package bm Info: No bold for \U/msb/m/n, using \pmb.
LaTeX Font Info:    Redeclaring math alphabet \mathbf on input line 149.
)
(d:/Program Files/Texlive/texlive/2025/texmf-dist/tex/latex/graphics/graphicx.s
ty
Package: graphicx 2021/09/16 v1.2d Enhanced LaTeX Graphics (DPC,SPQR)

(d:/Program Files/Texlive/texlive/2025/texmf-dist/tex/latex/graphics/graphics.s
ty
Package: graphics 2024/08/06 v1.4g Standard LaTeX Graphics (DPC,SPQR)

(d:/Program Files/Texlive/texlive/2025/texmf-dist/tex/latex/graphics/trig.sty
Package: trig 2023/12/02 v1.11 sin cos tan (DPC)
)
(d:/Program Files/Texlive/texlive/2025/texmf-dist/tex/latex/graphics-cfg/graphi
cs.cfg
File: graphics.cfg 2016/06/04 v1.11 sample graphics configuration
)
Package graphics Info: Driver file: xetex.def on input line 106.

(d:/Program Files/Texlive/texlive/2025/texmf-dist/tex/latex/graphics-def/xetex.
def
File: xetex.def 2022/09/22 v5.0n Graphics/color driver for xetex
))
\Gin@req@height=\dimen192
\Gin@req@width=\dimen193
)
(d:/Program Files/Texlive/texlive/2025/texmf-dist/tex/latex/pgf/frontendlayer/t
ikz.sty
(d:/Program Files/Texlive/texlive/2025/texmf-dist/tex/latex/pgf/basiclayer/pgf.
sty
(d:/Program Files/Texlive/texlive/2025/texmf-dist/tex/latex/pgf/utilities/pgfrc
s.sty
(d:/Program Files/Texlive/texlive/2025/texmf-dist/tex/generic/pgf/utilities/pgf
util-common.tex
\pgfutil@everybye=\toks24
\pgfutil@tempdima=\dimen194
\pgfutil@tempdimb=\dimen195
)
(d:/Program Files/Texlive/texlive/2025/texmf-dist/tex/generic/pgf/utilities/pgf
util-latex.def
\pgfutil@abb=\box58
)
(d:/Program Files/Texlive/texlive/2025/texmf-dist/tex/generic/pgf/utilities/pgf
rcs.code.tex
(d:/Program Files/Texlive/texlive/2025/texmf-dist/tex/generic/pgf/pgf.revision.
tex)
Package: pgfrcs 2023-01-15 v3.1.10 (3.1.10)
))
Package: pgf 2023-01-15 v3.1.10 (3.1.10)

(d:/Program Files/Texlive/texlive/2025/texmf-dist/tex/latex/pgf/basiclayer/pgfc
ore.sty
(d:/Program Files/Texlive/texlive/2025/texmf-dist/tex/latex/pgf/systemlayer/pgf
sys.sty
(d:/Program Files/Texlive/texlive/2025/texmf-dist/tex/generic/pgf/systemlayer/p
gfsys.code.tex
Package: pgfsys 2023-01-15 v3.1.10 (3.1.10)

(d:/Program Files/Texlive/texlive/2025/texmf-dist/tex/generic/pgf/utilities/pgf
keys.code.tex
\pgfkeys@pathtoks=\toks25
\pgfkeys@temptoks=\toks26

(d:/Program Files/Texlive/texlive/2025/texmf-dist/tex/generic/pgf/utilities/pgf
keyslibraryfiltered.code.tex
\pgfkeys@tmptoks=\toks27
))
\pgf@x=\dimen196
\pgf@y=\dimen197
\pgf@xa=\dimen198
\pgf@ya=\dimen199
\pgf@xb=\dimen256
\pgf@yb=\dimen257
\pgf@xc=\dimen258
\pgf@yc=\dimen259
\pgf@xd=\dimen260
\pgf@yd=\dimen261
\w@pgf@writea=\write3
\r@pgf@reada=\read2
\c@pgf@counta=\count313
\c@pgf@countb=\count314
\c@pgf@countc=\count315
\c@pgf@countd=\count316
\t@pgf@toka=\toks28
\t@pgf@tokb=\toks29
\t@pgf@tokc=\toks30
\pgf@sys@id@count=\count317

(d:/Program Files/Texlive/texlive/2025/texmf-dist/tex/generic/pgf/systemlayer/p
gf.cfg
File: pgf.cfg 2023-01-15 v3.1.10 (3.1.10)
)
Driver file for pgf: pgfsys-xetex.def

(d:/Program Files/Texlive/texlive/2025/texmf-dist/tex/generic/pgf/systemlayer/p
gfsys-xetex.def
File: pgfsys-xetex.def 2023-01-15 v3.1.10 (3.1.10)

(d:/Program Files/Texlive/texlive/2025/texmf-dist/tex/generic/pgf/systemlayer/p
gfsys-dvipdfmx.def
File: pgfsys-dvipdfmx.def 2023-01-15 v3.1.10 (3.1.10)

(d:/Program Files/Texlive/texlive/2025/texmf-dist/tex/generic/pgf/systemlayer/p
gfsys-common-pdf.def
File: pgfsys-common-pdf.def 2023-01-15 v3.1.10 (3.1.10)
)
\pgfsys@objnum=\count318
)))
(d:/Program Files/Texlive/texlive/2025/texmf-dist/tex/generic/pgf/systemlayer/p
gfsyssoftpath.code.tex
File: pgfsyssoftpath.code.tex 2023-01-15 v3.1.10 (3.1.10)
\pgfsyssoftpath@smallbuffer@items=\count319
\pgfsyssoftpath@bigbuffer@items=\count320
)
(d:/Program Files/Texlive/texlive/2025/texmf-dist/tex/generic/pgf/systemlayer/p
gfsysprotocol.code.tex
File: pgfsysprotocol.code.tex 2023-01-15 v3.1.10 (3.1.10)
))
(d:/Program Files/Texlive/texlive/2025/texmf-dist/tex/latex/xcolor/xcolor.sty
Package: xcolor 2024/09/29 v3.02 LaTeX color extensions (UK)

(d:/Program Files/Texlive/texlive/2025/texmf-dist/tex/latex/graphics-cfg/color.
cfg
File: color.cfg 2016/01/02 v1.6 sample color configuration
)
Package xcolor Info: Driver file: xetex.def on input line 274.

(d:/Program Files/Texlive/texlive/2025/texmf-dist/tex/latex/graphics/mathcolor.
ltx)
Package xcolor Info: Model `cmy' substituted by `cmy0' on input line 1349.
Package xcolor Info: Model `RGB' extended on input line 1365.
Package xcolor Info: Model `HTML' substituted by `rgb' on input line 1367.
Package xcolor Info: Model `Hsb' substituted by `hsb' on input line 1368.
Package xcolor Info: Model `tHsb' substituted by `hsb' on input line 1369.
Package xcolor Info: Model `HSB' substituted by `hsb' on input line 1370.
Package xcolor Info: Model `Gray' substituted by `gray' on input line 1371.
Package xcolor Info: Model `wave' substituted by `hsb' on input line 1372.
)
(d:/Program Files/Texlive/texlive/2025/texmf-dist/tex/generic/pgf/basiclayer/pg
fcore.code.tex
Package: pgfcore 2023-01-15 v3.1.10 (3.1.10)

(d:/Program Files/Texlive/texlive/2025/texmf-dist/tex/generic/pgf/math/pgfmath.
code.tex
(d:/Program Files/Texlive/texlive/2025/texmf-dist/tex/generic/pgf/math/pgfmathu
til.code.tex)
(d:/Program Files/Texlive/texlive/2025/texmf-dist/tex/generic/pgf/math/pgfmathp
arser.code.tex
\pgfmath@dimen=\dimen262
\pgfmath@count=\count321
\pgfmath@box=\box59
\pgfmath@toks=\toks31
\pgfmath@stack@operand=\toks32
\pgfmath@stack@operation=\toks33
)
(d:/Program Files/Texlive/texlive/2025/texmf-dist/tex/generic/pgf/math/pgfmathf
unctions.code.tex)
(d:/Program Files/Texlive/texlive/2025/texmf-dist/tex/generic/pgf/math/pgfmathf
unctions.basic.code.tex)
(d:/Program Files/Texlive/texlive/2025/texmf-dist/tex/generic/pgf/math/pgfmathf
unctions.trigonometric.code.tex)
(d:/Program Files/Texlive/texlive/2025/texmf-dist/tex/generic/pgf/math/pgfmathf
unctions.random.code.tex)
(d:/Program Files/Texlive/texlive/2025/texmf-dist/tex/generic/pgf/math/pgfmathf
unctions.comparison.code.tex)
(d:/Program Files/Texlive/texlive/2025/texmf-dist/tex/generic/pgf/math/pgfmathf
unctions.base.code.tex)
(d:/Program Files/Texlive/texlive/2025/texmf-dist/tex/generic/pgf/math/pgfmathf
unctions.round.code.tex)
(d:/Program Files/Texlive/texlive/2025/texmf-dist/tex/generic/pgf/math/pgfmathf
unctions.misc.code.tex)
(d:/Program Files/Texlive/texlive/2025/texmf-dist/tex/generic/pgf/math/pgfmathf
unctions.integerarithmetics.code.tex)
(d:/Program Files/Texlive/texlive/2025/texmf-dist/tex/generic/pgf/math/pgfmathc
alc.code.tex)
(d:/Program Files/Texlive/texlive/2025/texmf-dist/tex/generic/pgf/math/pgfmathf
loat.code.tex
\c@pgfmathroundto@lastzeros=\count322
))
(d:/Program Files/Texlive/texlive/2025/texmf-dist/tex/generic/pgf/math/pgfint.c
ode.tex)
(d:/Program Files/Texlive/texlive/2025/texmf-dist/tex/generic/pgf/basiclayer/pg
fcorepoints.code.tex
File: pgfcorepoints.code.tex 2023-01-15 v3.1.10 (3.1.10)
\pgf@picminx=\dimen263
\pgf@picmaxx=\dimen264
\pgf@picminy=\dimen265
\pgf@picmaxy=\dimen266
\pgf@pathminx=\dimen267
\pgf@pathmaxx=\dimen268
\pgf@pathminy=\dimen269
\pgf@pathmaxy=\dimen270
\pgf@xx=\dimen271
\pgf@xy=\dimen272
\pgf@yx=\dimen273
\pgf@yy=\dimen274
\pgf@zx=\dimen275
\pgf@zy=\dimen276
)
(d:/Program Files/Texlive/texlive/2025/texmf-dist/tex/generic/pgf/basiclayer/pg
fcorepathconstruct.code.tex
File: pgfcorepathconstruct.code.tex 2023-01-15 v3.1.10 (3.1.10)
\pgf@path@lastx=\dimen277
\pgf@path@lasty=\dimen278
)
(d:/Program Files/Texlive/texlive/2025/texmf-dist/tex/generic/pgf/basiclayer/pg
fcorepathusage.code.tex
File: pgfcorepathusage.code.tex 2023-01-15 v3.1.10 (3.1.10)
\pgf@shorten@end@additional=\dimen279
\pgf@shorten@start@additional=\dimen280
)
(d:/Program Files/Texlive/texlive/2025/texmf-dist/tex/generic/pgf/basiclayer/pg
fcorescopes.code.tex
File: pgfcorescopes.code.tex 2023-01-15 v3.1.10 (3.1.10)
\pgfpic=\box60
\pgf@hbox=\box61
\pgf@layerbox@main=\box62
\pgf@picture@serial@count=\count323
)
(d:/Program Files/Texlive/texlive/2025/texmf-dist/tex/generic/pgf/basiclayer/pg
fcoregraphicstate.code.tex
File: pgfcoregraphicstate.code.tex 2023-01-15 v3.1.10 (3.1.10)
\pgflinewidth=\dimen281
)
(d:/Program Files/Texlive/texlive/2025/texmf-dist/tex/generic/pgf/basiclayer/pg
fcoretransformations.code.tex
File: pgfcoretransformations.code.tex 2023-01-15 v3.1.10 (3.1.10)
\pgf@pt@x=\dimen282
\pgf@pt@y=\dimen283
\pgf@pt@temp=\dimen284
)
(d:/Program Files/Texlive/texlive/2025/texmf-dist/tex/generic/pgf/basiclayer/pg
fcorequick.code.tex
File: pgfcorequick.code.tex 2023-01-15 v3.1.10 (3.1.10)
)
(d:/Program Files/Texlive/texlive/2025/texmf-dist/tex/generic/pgf/basiclayer/pg
fcoreobjects.code.tex
File: pgfcoreobjects.code.tex 2023-01-15 v3.1.10 (3.1.10)
)
(d:/Program Files/Texlive/texlive/2025/texmf-dist/tex/generic/pgf/basiclayer/pg
fcorepathprocessing.code.tex
File: pgfcorepathprocessing.code.tex 2023-01-15 v3.1.10 (3.1.10)
)
(d:/Program Files/Texlive/texlive/2025/texmf-dist/tex/generic/pgf/basiclayer/pg
fcorearrows.code.tex
File: pgfcorearrows.code.tex 2023-01-15 v3.1.10 (3.1.10)
\pgfarrowsep=\dimen285
)
(d:/Program Files/Texlive/texlive/2025/texmf-dist/tex/generic/pgf/basiclayer/pg
fcoreshade.code.tex
File: pgfcoreshade.code.tex 2023-01-15 v3.1.10 (3.1.10)
\pgf@max=\dimen286
\pgf@sys@shading@range@num=\count324
\pgf@shadingcount=\count325
)
(d:/Program Files/Texlive/texlive/2025/texmf-dist/tex/generic/pgf/basiclayer/pg
fcoreimage.code.tex
File: pgfcoreimage.code.tex 2023-01-15 v3.1.10 (3.1.10)
)
(d:/Program Files/Texlive/texlive/2025/texmf-dist/tex/generic/pgf/basiclayer/pg
fcoreexternal.code.tex
File: pgfcoreexternal.code.tex 2023-01-15 v3.1.10 (3.1.10)
\pgfexternal@startupbox=\box63
)
(d:/Program Files/Texlive/texlive/2025/texmf-dist/tex/generic/pgf/basiclayer/pg
fcorelayers.code.tex
File: pgfcorelayers.code.tex 2023-01-15 v3.1.10 (3.1.10)
)
(d:/Program Files/Texlive/texlive/2025/texmf-dist/tex/generic/pgf/basiclayer/pg
fcoretransparency.code.tex
File: pgfcoretransparency.code.tex 2023-01-15 v3.1.10 (3.1.10)
)
(d:/Program Files/Texlive/texlive/2025/texmf-dist/tex/generic/pgf/basiclayer/pg
fcorepatterns.code.tex
File: pgfcorepatterns.code.tex 2023-01-15 v3.1.10 (3.1.10)
)
(d:/Program Files/Texlive/texlive/2025/texmf-dist/tex/generic/pgf/basiclayer/pg
fcorerdf.code.tex
File: pgfcorerdf.code.tex 2023-01-15 v3.1.10 (3.1.10)
)))
(d:/Program Files/Texlive/texlive/2025/texmf-dist/tex/generic/pgf/modules/pgfmo
duleshapes.code.tex
File: pgfmoduleshapes.code.tex 2023-01-15 v3.1.10 (3.1.10)
\pgfnodeparttextbox=\box64
)
(d:/Program Files/Texlive/texlive/2025/texmf-dist/tex/generic/pgf/modules/pgfmo
duleplot.code.tex
File: pgfmoduleplot.code.tex 2023-01-15 v3.1.10 (3.1.10)
)
(d:/Program Files/Texlive/texlive/2025/texmf-dist/tex/latex/pgf/compatibility/p
gfcomp-version-0-65.sty
Package: pgfcomp-version-0-65 2023-01-15 v3.1.10 (3.1.10)
\pgf@nodesepstart=\dimen287
\pgf@nodesepend=\dimen288
)
(d:/Program Files/Texlive/texlive/2025/texmf-dist/tex/latex/pgf/compatibility/p
gfcomp-version-1-18.sty
Package: pgfcomp-version-1-18 2023-01-15 v3.1.10 (3.1.10)
))
(d:/Program Files/Texlive/texlive/2025/texmf-dist/tex/latex/pgf/utilities/pgffo
r.sty
(d:/Program Files/Texlive/texlive/2025/texmf-dist/tex/latex/pgf/utilities/pgfke
ys.sty
(d:/Program Files/Texlive/texlive/2025/texmf-dist/tex/generic/pgf/utilities/pgf
keys.code.tex))
(d:/Program Files/Texlive/texlive/2025/texmf-dist/tex/latex/pgf/math/pgfmath.st
y
(d:/Program Files/Texlive/texlive/2025/texmf-dist/tex/generic/pgf/math/pgfmath.
code.tex))
(d:/Program Files/Texlive/texlive/2025/texmf-dist/tex/generic/pgf/utilities/pgf
for.code.tex
Package: pgffor 2023-01-15 v3.1.10 (3.1.10)
\pgffor@iter=\dimen289
\pgffor@skip=\dimen290
\pgffor@stack=\toks34
\pgffor@toks=\toks35
))
(d:/Program Files/Texlive/texlive/2025/texmf-dist/tex/generic/pgf/frontendlayer
/tikz/tikz.code.tex
Package: tikz 2023-01-15 v3.1.10 (3.1.10)

(d:/Program Files/Texlive/texlive/2025/texmf-dist/tex/generic/pgf/libraries/pgf
libraryplothandlers.code.tex
File: pgflibraryplothandlers.code.tex 2023-01-15 v3.1.10 (3.1.10)
\pgf@plot@mark@count=\count326
\pgfplotmarksize=\dimen291
)
\tikz@lastx=\dimen292
\tikz@lasty=\dimen293
\tikz@lastxsaved=\dimen294
\tikz@lastysaved=\dimen295
\tikz@lastmovetox=\dimen296
\tikz@lastmovetoy=\dimen297
\tikzleveldistance=\dimen298
\tikzsiblingdistance=\dimen299
\tikz@figbox=\box65
\tikz@figbox@bg=\box66
\tikz@tempbox=\box67
\tikz@tempbox@bg=\box68
\tikztreelevel=\count327
\tikznumberofchildren=\count328
\tikznumberofcurrentchild=\count329
\tikz@fig@count=\count330

(d:/Program Files/Texlive/texlive/2025/texmf-dist/tex/generic/pgf/modules/pgfmo
dulematrix.code.tex
File: pgfmodulematrix.code.tex 2023-01-15 v3.1.10 (3.1.10)
\pgfmatrixcurrentrow=\count331
\pgfmatrixcurrentcolumn=\count332
\pgf@matrix@numberofcolumns=\count333
)
\tikz@expandcount=\count334

(d:/Program Files/Texlive/texlive/2025/texmf-dist/tex/generic/pgf/frontendlayer
/tikz/libraries/tikzlibrarytopaths.code.tex
File: tikzlibrarytopaths.code.tex 2023-01-15 v3.1.10 (3.1.10)
)))
(d:/Program Files/Texlive/texlive/2025/texmf-dist/tex/generic/pgf/libraries/pgf
libraryarrows.meta.code.tex
File: pgflibraryarrows.meta.code.tex 2023-01-15 v3.1.10 (3.1.10)
\pgfarrowinset=\dimen300
\pgfarrowlength=\dimen301
\pgfarrowwidth=\dimen302
\pgfarrowlinewidth=\dimen303
)
(d:/Program Files/Texlive/texlive/2025/texmf-dist/tex/generic/pgf/frontendlayer
/tikz/libraries/tikzlibrarypositioning.code.tex
File: tikzlibrarypositioning.code.tex 2023-01-15 v3.1.10 (3.1.10)
)
(d:/Program Files/Texlive/texlive/2025/texmf-dist/tex/generic/pgf/frontendlayer
/tikz/libraries/tikzlibraryfit.code.tex
File: tikzlibraryfit.code.tex 2023-01-15 v3.1.10 (3.1.10)
)
(d:/Program Files/Texlive/texlive/2025/texmf-dist/tex/generic/pgf/frontendlayer
/tikz/libraries/tikzlibrarybackgrounds.code.tex
File: tikzlibrarybackgrounds.code.tex 2023-01-15 v3.1.10 (3.1.10)
\pgf@layerbox@background=\box69
\pgf@layerboxsaved@background=\box70
)
(d:/Program Files/Texlive/texlive/2025/texmf-dist/tex/generic/pgf/frontendlayer
/tikz/libraries/tikzlibrarycalc.code.tex
File: tikzlibrarycalc.code.tex 2023-01-15 v3.1.10 (3.1.10)
)
(d:/Program Files/Texlive/texlive/2025/texmf-dist/tex/generic/pgf/frontendlayer
/tikz/libraries/tikzlibraryshapes.geometric.code.tex
File: tikzlibraryshapes.geometric.code.tex 2023-01-15 v3.1.10 (3.1.10)

(d:/Program Files/Texlive/texlive/2025/texmf-dist/tex/generic/pgf/libraries/sha
pes/pgflibraryshapes.geometric.code.tex
File: pgflibraryshapes.geometric.code.tex 2023-01-15 v3.1.10 (3.1.10)
))
(d:/Program Files/Texlive/texlive/2025/texmf-dist/tex/latex/booktabs/booktabs.s
ty
Package: booktabs 2020/01/12 v1.61803398 Publication quality tables
\heavyrulewidth=\dimen304
\lightrulewidth=\dimen305
\cmidrulewidth=\dimen306
\belowrulesep=\dimen307
\belowbottomsep=\dimen308
\aboverulesep=\dimen309
\abovetopsep=\dimen310
\cmidrulesep=\dimen311
\cmidrulekern=\dimen312
\defaultaddspace=\dimen313
\@cmidla=\count335
\@cmidlb=\count336
\@aboverulesep=\dimen314
\@belowrulesep=\dimen315
\@thisruleclass=\count337
\@lastruleclass=\count338
\@thisrulewidth=\dimen316
)
(d:/Program Files/Texlive/texlive/2025/texmf-dist/tex/latex/tools/tabularx.sty
Package: tabularx 2023/12/11 v2.12a `tabularx' package (DPC)

(d:/Program Files/Texlive/texlive/2025/texmf-dist/tex/latex/tools/array.sty
Package: array 2024/10/17 v2.6g Tabular extension package (FMi)
\col@sep=\dimen317
\ar@mcellbox=\box71
\extrarowheight=\dimen318
\NC@list=\toks36
\extratabsurround=\skip63
\backup@length=\skip64
\ar@cellbox=\box72
)
\TX@col@width=\dimen319
\TX@old@table=\dimen320
\TX@old@col=\dimen321
\TX@target=\dimen322
\TX@delta=\dimen323
\TX@cols=\count339
\TX@ftn=\toks37
)
(d:/Program Files/Texlive/texlive/2025/texmf-dist/tex/latex/multirow/multirow.s
ty
Package: multirow 2024/11/12 v2.9 Span multiple rows of a table
\multirow@colwidth=\skip65
\multirow@cntb=\count340
\multirow@dima=\skip66
\bigstrutjot=\dimen324
)
(d:/Program Files/Texlive/texlive/2025/texmf-dist/tex/latex/tools/longtable.sty
Package: longtable 2024-10-27 v4.22 Multi-page Table package (DPC)
\LTleft=\skip67
\LTright=\skip68
\LTpre=\skip69
\LTpost=\skip70
\LTchunksize=\count341
\LTcapwidth=\dimen325
\LT@head=\box73
\LT@firsthead=\box74
\LT@foot=\box75
\LT@lastfoot=\box76
\LT@gbox=\box77
\LT@cols=\count342
\LT@rows=\count343
\c@LT@tables=\count344
\c@LT@chunks=\count345
\LT@p@ftn=\toks38
) (d:/Program Files/Texlive/texlive/2025/texmf-dist/tex/latex/float/float.sty
Package: float 2001/11/08 v1.3d Float enhancements (AL)
\c@float@type=\count346
\float@exts=\toks39
\float@box=\box78
\@float@everytoks=\toks40
\@floatcapt=\box79
)
(d:/Program Files/Texlive/texlive/2025/texmf-dist/tex/latex/siunitx/siunitx.sty
Package: siunitx 2025-02-27 v3.4.6 A comprehensive (SI) units package
\l__siunitx_number_uncert_offset_int=\count347
\l__siunitx_number_exponent_fixed_int=\count348
\l__siunitx_number_min_decimal_int=\count349
\l__siunitx_number_min_integer_int=\count350
\l__siunitx_number_round_precision_int=\count351
\l__siunitx_number_lower_threshold_int=\count352
\l__siunitx_number_upper_threshold_int=\count353
\l__siunitx_number_group_first_int=\count354
\l__siunitx_number_group_size_int=\count355
\l__siunitx_number_group_minimum_int=\count356
\l__siunitx_angle_tmp_dim=\dimen326
\l__siunitx_angle_marker_box=\box80
\l__siunitx_angle_unit_box=\box81
\l__siunitx_compound_count_int=\count357

(d:/Program Files/Texlive/texlive/2025/texmf-dist/tex/latex/translations/transl
ations.sty
Package: translations 2022/02/05 v1.12 internationalization of LaTeX2e packages
 (CN)

(d:/Program Files/Texlive/texlive/2025/texmf-dist/tex/latex/etoolbox/etoolbox.s
ty
Package: etoolbox 2025/02/11 v2.5l e-TeX tools for LaTeX (JAW)
\etb@tempcnta=\count358
)
(d:/Program Files/Texlive/texlive/2025/texmf-dist/tex/generic/pdftexcmds/pdftex
cmds.sty
Package: pdftexcmds 2020-06-27 v0.33 Utility functions of pdfTeX for LuaTeX (HO
)

(d:/Program Files/Texlive/texlive/2025/texmf-dist/tex/generic/infwarerr/infware
rr.sty
Package: infwarerr 2019/12/03 v1.5 Providing info/warning/error messages (HO)
)
(d:/Program Files/Texlive/texlive/2025/texmf-dist/tex/generic/ltxcmds/ltxcmds.s
ty
Package: ltxcmds 2023-12-04 v1.26 LaTeX kernel commands for general use (HO)
)
Package pdftexcmds Info: \pdf@primitive is available.
Package pdftexcmds Info: \pdf@ifprimitive is available.
Package pdftexcmds Info: \pdfdraftmode not found.
))
\l__siunitx_table_tmp_box=\box82
\l__siunitx_table_tmp_dim=\dimen327
\l__siunitx_table_column_width_dim=\dimen328
\l__siunitx_table_integer_box=\box83
\l__siunitx_table_decimal_box=\box84
\l__siunitx_table_uncert_box=\box85
\l__siunitx_table_before_box=\box86
\l__siunitx_table_after_box=\box87
\l__siunitx_table_before_dim=\dimen329
\l__siunitx_table_carry_dim=\dimen330
\l__siunitx_unit_tmp_int=\count359
\l__siunitx_unit_position_int=\count360
\l__siunitx_unit_total_int=\count361
)
(d:/Program Files/Texlive/texlive/2025/texmf-dist/tex/latex/enumitem/enumitem.s
ty
Package: enumitem 2025/02/06 v3.11 Customized lists
\labelindent=\skip71
\enit@outerparindent=\dimen331
\enit@toks=\toks41
\enit@inbox=\box88
\enit@count@id=\count362
\enitdp@description=\count363
)
(d:/Program Files/Texlive/texlive/2025/texmf-dist/tex/latex/caption/caption.sty
Package: caption 2023/08/05 v3.6o Customizing captions (AR)

(d:/Program Files/Texlive/texlive/2025/texmf-dist/tex/latex/caption/caption3.st
y
Package: caption3 2023/07/31 v2.4d caption3 kernel (AR)
\caption@tempdima=\dimen332
\captionmargin=\dimen333
\caption@leftmargin=\dimen334
\caption@rightmargin=\dimen335
\caption@width=\dimen336
\caption@indent=\dimen337
\caption@parindent=\dimen338
\caption@hangindent=\dimen339
Package caption Info: Standard document class detected.
)
\c@caption@flags=\count364
\c@continuedfloat=\count365
Package caption Info: float package is loaded.
Package caption Info: longtable package is loaded.

(d:/Program Files/Texlive/texlive/2025/texmf-dist/tex/latex/caption/ltcaption.s
ty
Package: ltcaption 2021/01/08 v1.4c longtable captions (AR)
))
(d:/Program Files/Texlive/texlive/2025/texmf-dist/tex/latex/fancyhdr/fancyhdr.s
ty
Package: fancyhdr 2025/02/07 v5.2 Extensive control of page headers and footers

\f@nch@headwidth=\skip72
\f@nch@offset@elh=\skip73
\f@nch@offset@erh=\skip74
\f@nch@offset@olh=\skip75
\f@nch@offset@orh=\skip76
\f@nch@offset@elf=\skip77
\f@nch@offset@erf=\skip78
\f@nch@offset@olf=\skip79
\f@nch@offset@orf=\skip80
\f@nch@height=\skip81
\f@nch@footalignment=\skip82
\f@nch@widthL=\skip83
\f@nch@widthC=\skip84
\f@nch@widthR=\skip85
\@temptokenb=\toks42
)
(d:/Program Files/Texlive/texlive/2025/texmf-dist/tex/latex/hyperref/hyperref.s
ty
Package: hyperref 2024-11-05 v7.01l Hypertext links for LaTeX

(d:/Program Files/Texlive/texlive/2025/texmf-dist/tex/latex/kvsetkeys/kvsetkeys
.sty
Package: kvsetkeys 2022-10-05 v1.19 Key value parser (HO)
)
(d:/Program Files/Texlive/texlive/2025/texmf-dist/tex/generic/kvdefinekeys/kvde
finekeys.sty
Package: kvdefinekeys 2019-12-19 v1.6 Define keys (HO)
)
(d:/Program Files/Texlive/texlive/2025/texmf-dist/tex/generic/pdfescape/pdfesca
pe.sty
Package: pdfescape 2019/12/09 v1.15 Implements pdfTeX's escape features (HO)
)
(d:/Program Files/Texlive/texlive/2025/texmf-dist/tex/latex/hycolor/hycolor.sty
Package: hycolor 2020-01-27 v1.10 Color options for hyperref/bookmark (HO)
)
(d:/Program Files/Texlive/texlive/2025/texmf-dist/tex/latex/hyperref/nameref.st
y
Package: nameref 2023-11-26 v2.56 Cross-referencing by name of section

(d:/Program Files/Texlive/texlive/2025/texmf-dist/tex/latex/refcount/refcount.s
ty
Package: refcount 2019/12/15 v3.6 Data extraction from label references (HO)
)
(d:/Program Files/Texlive/texlive/2025/texmf-dist/tex/generic/gettitlestring/ge
ttitlestring.sty
Package: gettitlestring 2019/12/15 v1.6 Cleanup title references (HO)

(d:/Program Files/Texlive/texlive/2025/texmf-dist/tex/latex/kvoptions/kvoptions
.sty
Package: kvoptions 2022-06-15 v3.15 Key value format for package options (HO)
))
\c@section@level=\count366
)
(d:/Program Files/Texlive/texlive/2025/texmf-dist/tex/generic/stringenc/stringe
nc.sty
Package: stringenc 2019/11/29 v1.12 Convert strings between diff. encodings (HO
)
)
\@linkdim=\dimen340
\Hy@linkcounter=\count367
\Hy@pagecounter=\count368

(d:/Program Files/Texlive/texlive/2025/texmf-dist/tex/latex/hyperref/pd1enc.def
File: pd1enc.def 2024-11-05 v7.01l Hyperref: PDFDocEncoding definition (HO)
)
(d:/Program Files/Texlive/texlive/2025/texmf-dist/tex/generic/intcalc/intcalc.s
ty
Package: intcalc 2019/12/15 v1.3 Expandable calculations with integers (HO)
)
\Hy@SavedSpaceFactor=\count369

(d:/Program Files/Texlive/texlive/2025/texmf-dist/tex/latex/hyperref/puenc.def
File: puenc.def 2024-11-05 v7.01l Hyperref: PDF Unicode definition (HO)
)
Package hyperref Info: Option `unicode' set `true' on input line 4040.
Package hyperref Info: Option `unicode' set `true' on input line 4040.
Package hyperref Info: Hyper figures OFF on input line 4157.
Package hyperref Info: Link nesting OFF on input line 4162.
Package hyperref Info: Hyper index ON on input line 4165.
Package hyperref Info: Plain pages OFF on input line 4172.
Package hyperref Info: Backreferencing OFF on input line 4177.
Package hyperref Info: Implicit mode ON; LaTeX internals redefined.
Package hyperref Info: Bookmarks ON on input line 4424.
\c@Hy@tempcnt=\count370
(d:/Program Files/Texlive/texlive/2025/texmf-dist/tex/latex/url/url.sty
\Urlmuskip=\muskip18
Package: url 2013/09/16  ver 3.4  Verb mode for urls, etc.
)
LaTeX Info: Redefining \url on input line 4763.
\XeTeXLinkMargin=\dimen341

(d:/Program Files/Texlive/texlive/2025/texmf-dist/tex/generic/bitset/bitset.sty
Package: bitset 2019/12/09 v1.3 Handle bit-vector datatype (HO)

(d:/Program Files/Texlive/texlive/2025/texmf-dist/tex/generic/bigintcalc/bigint
calc.sty
Package: bigintcalc 2019/12/15 v1.5 Expandable calculations on big integers (HO
)
))
\Fld@menulength=\count371
\Field@Width=\dimen342
\Fld@charsize=\dimen343
Package hyperref Info: Hyper figures OFF on input line 6042.
Package hyperref Info: Link nesting OFF on input line 6047.
Package hyperref Info: Hyper index ON on input line 6050.
Package hyperref Info: backreferencing OFF on input line 6057.
Package hyperref Info: Link coloring OFF on input line 6062.
Package hyperref Info: Link coloring with OCG OFF on input line 6067.
Package hyperref Info: PDF/A mode OFF on input line 6072.

(d:/Program Files/Texlive/texlive/2025/texmf-dist/tex/latex/base/atbegshi-ltx.s
ty
Package: atbegshi-ltx 2021/01/10 v1.0c Emulation of the original atbegshi
package with kernel methods
)
\Hy@abspage=\count372
\c@Item=\count373
\c@Hfootnote=\count374
)
Package hyperref Info: Driver (autodetected): hxetex.

(d:/Program Files/Texlive/texlive/2025/texmf-dist/tex/latex/hyperref/hxetex.def
File: hxetex.def 2024-11-05 v7.01l Hyperref driver for XeTeX
\pdfm@box=\box89
\c@Hy@AnnotLevel=\count375
\HyField@AnnotCount=\count376
\Fld@listcount=\count377
\c@bookmark@seq@number=\count378

(d:/Program Files/Texlive/texlive/2025/texmf-dist/tex/latex/rerunfilecheck/reru
nfilecheck.sty
Package: rerunfilecheck 2022-07-10 v1.10 Rerun checks for auxiliary files (HO)

(d:/Program Files/Texlive/texlive/2025/texmf-dist/tex/latex/base/atveryend-ltx.
sty
Package: atveryend-ltx 2020/08/19 v1.0a Emulation of the original atveryend pac
kage
with kernel methods
)
(d:/Program Files/Texlive/texlive/2025/texmf-dist/tex/generic/uniquecounter/uni
quecounter.sty
Package: uniquecounter 2019/12/15 v1.4 Provide unlimited unique counter (HO)
)
Package uniquecounter Info: New unique counter `rerunfilecheck' on input line 2
85.
)
\Hy@SectionHShift=\skip86
)
(d:/Program Files/Texlive/texlive/2025/texmf-dist/tex/latex/bookmark/bookmark.s
ty
Package: bookmark 2023-12-10 v1.31 PDF bookmarks (HO)

(d:/Program Files/Texlive/texlive/2025/texmf-dist/tex/latex/bookmark/bkm-dvipdf
m.def
File: bkm-dvipdfm.def 2023-12-10 v1.31 bookmark driver for dvipdfm (HO)
\BKM@id=\count379
))
Package translations Info: No language package found. I am going to use `englis
h' as default language. on input line 120.
 (./main.aux)
\openout1 = `main.aux'.

LaTeX Font Info:    Checking defaults for OML/cmm/m/it on input line 120.
LaTeX Font Info:    ... okay on input line 120.
LaTeX Font Info:    Checking defaults for OMS/cmsy/m/n on input line 120.
LaTeX Font Info:    ... okay on input line 120.
LaTeX Font Info:    Checking defaults for OT1/cmr/m/n on input line 120.
LaTeX Font Info:    ... okay on input line 120.
LaTeX Font Info:    Checking defaults for T1/cmr/m/n on input line 120.
LaTeX Font Info:    ... okay on input line 120.
LaTeX Font Info:    Checking defaults for TS1/cmr/m/n on input line 120.
LaTeX Font Info:    ... okay on input line 120.
LaTeX Font Info:    Checking defaults for TU/lmr/m/n on input line 120.
LaTeX Font Info:    ... okay on input line 120.
LaTeX Font Info:    Checking defaults for OMX/cmex/m/n on input line 120.
LaTeX Font Info:    ... okay on input line 120.
LaTeX Font Info:    Checking defaults for U/cmr/m/n on input line 120.
LaTeX Font Info:    ... okay on input line 120.
LaTeX Font Info:    Checking defaults for PD1/pdf/m/n on input line 120.
LaTeX Font Info:    ... okay on input line 120.
LaTeX Font Info:    Checking defaults for PU/pdf/m/n on input line 120.
LaTeX Font Info:    ... okay on input line 120.

Package fontspec Info: 
(fontspec)             Adjusting the maths setup (use [no-math] to avoid
(fontspec)             this).

\symlegacymaths=\mathgroup9
LaTeX Font Info:    Overwriting symbol font `legacymaths' in version `bold'
(Font)                  OT1/cmr/m/n --> OT1/cmr/bx/n on input line 120.
LaTeX Font Info:    Redeclaring math accent \acute on input line 120.
LaTeX Font Info:    Redeclaring math accent \grave on input line 120.
LaTeX Font Info:    Redeclaring math accent \ddot on input line 120.
LaTeX Font Info:    Redeclaring math accent \tilde on input line 120.
LaTeX Font Info:    Redeclaring math accent \bar on input line 120.
LaTeX Font Info:    Redeclaring math accent \breve on input line 120.
LaTeX Font Info:    Redeclaring math accent \check on input line 120.
LaTeX Font Info:    Redeclaring math accent \hat on input line 120.
LaTeX Font Info:    Redeclaring math accent \dot on input line 120.
LaTeX Font Info:    Redeclaring math accent \mathring on input line 120.
LaTeX Font Info:    Redeclaring math symbol \Gamma on input line 120.
LaTeX Font Info:    Redeclaring math symbol \Delta on input line 120.
LaTeX Font Info:    Redeclaring math symbol \Theta on input line 120.
LaTeX Font Info:    Redeclaring math symbol \Lambda on input line 120.
LaTeX Font Info:    Redeclaring math symbol \Xi on input line 120.
LaTeX Font Info:    Redeclaring math symbol \Pi on input line 120.
LaTeX Font Info:    Redeclaring math symbol \Sigma on input line 120.
LaTeX Font Info:    Redeclaring math symbol \Upsilon on input line 120.
LaTeX Font Info:    Redeclaring math symbol \Phi on input line 120.
LaTeX Font Info:    Redeclaring math symbol \Psi on input line 120.
LaTeX Font Info:    Redeclaring math symbol \Omega on input line 120.
LaTeX Font Info:    Redeclaring math symbol \mathdollar on input line 120.
LaTeX Font Info:    Redeclaring symbol font `operators' on input line 120.
LaTeX Font Info:    Encoding `OT1' has changed to `TU' for symbol font
(Font)              `operators' in the math version `normal' on input line 120.

LaTeX Font Info:    Overwriting symbol font `operators' in version `normal'
(Font)                  OT1/cmr/m/n --> TU/lmr/m/n on input line 120.
LaTeX Font Info:    Encoding `OT1' has changed to `TU' for symbol font
(Font)              `operators' in the math version `bold' on input line 120.
LaTeX Font Info:    Overwriting symbol font `operators' in version `bold'
(Font)                  OT1/cmr/bx/n --> TU/lmr/m/n on input line 120.
LaTeX Font Info:    Overwriting symbol font `operators' in version `normal'
(Font)                  TU/lmr/m/n --> TU/lmr/m/n on input line 120.
LaTeX Font Info:    Overwriting math alphabet `\mathit' in version `normal'
(Font)                  OT1/cmr/m/it --> TU/lmr/m/it on input line 120.
LaTeX Font Info:    Overwriting math alphabet `\mathbf' in version `normal'
(Font)                  OT1/cmr/bx/n --> TU/lmr/b/n on input line 120.
LaTeX Font Info:    Overwriting math alphabet `\mathsf' in version `normal'
(Font)                  OT1/cmss/m/n --> TU/lmss/m/n on input line 120.
LaTeX Font Info:    Overwriting math alphabet `\mathtt' in version `normal'
(Font)                  OT1/cmtt/m/n --> TU/lmtt/m/n on input line 120.
LaTeX Font Info:    Overwriting symbol font `operators' in version `bold'
(Font)                  TU/lmr/m/n --> TU/lmr/b/n on input line 120.
LaTeX Font Info:    Overwriting math alphabet `\mathit' in version `bold'
(Font)                  OT1/cmr/bx/it --> TU/lmr/b/it on input line 120.
LaTeX Font Info:    Overwriting math alphabet `\mathsf' in version `bold'
(Font)                  OT1/cmss/bx/n --> TU/lmss/b/n on input line 120.
LaTeX Font Info:    Overwriting math alphabet `\mathtt' in version `bold'
(Font)                  OT1/cmtt/m/n --> TU/lmtt/b/n on input line 120.

*geometry* driver: auto-detecting
*geometry* detected driver: xetex
*geometry* verbose mode - [ preamble ] result:
* driver: xetex
* paper: a4paper
* layout: <same size as paper>
* layoutoffset:(h,v)=(0.0pt,0.0pt)
* modes: 
* h-part:(L,W,R)=(85.35826pt, 426.79135pt, 85.35826pt)
* v-part:(T,H,B)=(85.35826pt, 674.33032pt, 85.35826pt)
* \paperwidth=597.50787pt
* \paperheight=845.04684pt
* \textwidth=426.79135pt
* \textheight=674.33032pt
* \oddsidemargin=13.08827pt
* \evensidemargin=13.08827pt
* \topmargin=-13.13809pt
* \headheight=14.0pt
* \headsep=14.22636pt
* \topskip=12.0pt
* \footskip=35.56593pt
* \marginparwidth=35.0pt
* \marginparsep=10.0pt
* \columnsep=10.0pt
* \skip\footins=10.8pt plus 4.0pt minus 2.0pt
* \hoffset=0.0pt
* \voffset=0.0pt
* \mag=1000
* \@twocolumnfalse
* \@twosidefalse
* \@mparswitchfalse
* \@reversemarginfalse
* (1in=72.27pt=25.4mm, 1cm=28.453pt)


(d:/Program Files/Texlive/texlive/2025/texmf-dist/tex/latex/translations/transl
ations-basic-dictionary-english.trsl
File: translations-basic-dictionary-english.trsl (english translation file `tra
nslations-basic-dictionary')
)
Package translations Info: loading dictionary `translations-basic-dictionary' f
or `english'. on input line 120.
Package caption Info: Begin \AtBeginDocument code.
Package caption Info: hyperref package is loaded.
Package caption Info: End \AtBeginDocument code.
Package hyperref Info: Link coloring OFF on input line 120.

Package fontspec Info: 
(fontspec)             Could not resolve font "SimSun/BI" (it probably doesn't
(fontspec)             exist).


Package fontspec Info: 
(fontspec)             Could not resolve font "SimSun/B" (it probably doesn't
(fontspec)             exist).


Package fontspec Info: 
(fontspec)             Could not resolve font "SimSun/I" (it probably doesn't
(fontspec)             exist).


Package fontspec Info: 
(fontspec)             Font family 'SimSun(1)' created for font 'SimSun' with
(fontspec)             options [Script={CJK}].
(fontspec)              
(fontspec)              This font family consists of the following NFSS
(fontspec)             series/shapes:
(fontspec)              
(fontspec)             - 'normal' (m/n) with NFSS spec.:
(fontspec)             <->"SimSun/OT:script=hani;language=dflt;"

Package hyperref Info: Option `pageanchor' set `false' on input line 124.

Package fontspec Info: 
(fontspec)             Could not resolve font "SimHei/BI" (it probably doesn't
(fontspec)             exist).


Package fontspec Info: 
(fontspec)             Could not resolve font "SimHei/B" (it probably doesn't
(fontspec)             exist).


Package fontspec Info: 
(fontspec)             Could not resolve font "SimHei/I" (it probably doesn't
(fontspec)             exist).


Package fontspec Info: 
(fontspec)             Font family 'SimHei(0)' created for font 'SimHei' with
(fontspec)             options [Script={CJK}].
(fontspec)              
(fontspec)              This font family consists of the following NFSS
(fontspec)             series/shapes:
(fontspec)              
(fontspec)             - 'normal' (m/n) with NFSS spec.:
(fontspec)             <->"SimHei/OT:script=hani;language=dflt;"


Package fontspec Info: 
(fontspec)             Could not resolve font "KaiTi/BI" (it probably doesn't
(fontspec)             exist).


Package fontspec Info: 
(fontspec)             Could not resolve font "KaiTi/B" (it probably doesn't
(fontspec)             exist).


Package fontspec Info: 
(fontspec)             Could not resolve font "KaiTi/I" (it probably doesn't
(fontspec)             exist).


Package fontspec Info: 
(fontspec)             Font family 'KaiTi(0)' created for font 'KaiTi' with
(fontspec)             options [Script={CJK}].
(fontspec)              
(fontspec)              This font family consists of the following NFSS
(fontspec)             series/shapes:
(fontspec)              
(fontspec)             - 'normal' (m/n) with NFSS spec.:
(fontspec)             <->"KaiTi/OT:script=hani;language=dflt;"


Package fontspec Info: 
(fontspec)             Could not resolve font "FangSong/BI" (it probably
(fontspec)             doesn't exist).


Package fontspec Info: 
(fontspec)             Could not resolve font "FangSong/B" (it probably
(fontspec)             doesn't exist).


Package fontspec Info: 
(fontspec)             Could not resolve font "FangSong/I" (it probably
(fontspec)             doesn't exist).


Package fontspec Info: 
(fontspec)             Font family 'FangSong(0)' created for font 'FangSong'
(fontspec)             with options [Script={CJK}].
(fontspec)              
(fontspec)              This font family consists of the following NFSS
(fontspec)             series/shapes:
(fontspec)              
(fontspec)             - 'normal' (m/n) with NFSS spec.:
(fontspec)             <->"FangSong/OT:script=hani;language=dflt;"

LaTeX Font Info:    Trying to load font information for U+msa on input line 137
.

(d:/Program Files/Texlive/texlive/2025/texmf-dist/tex/latex/amsfonts/umsa.fd
File: umsa.fd 2013/01/14 v3.01 AMS symbols A
)
LaTeX Font Info:    Trying to load font information for U+msb on input line 137
.

(d:/Program Files/Texlive/texlive/2025/texmf-dist/tex/latex/amsfonts/umsb.fd
File: umsb.fd 2013/01/14 v3.01 AMS symbols B
)

[1

]
Package hyperref Info: Option `pageanchor' set `true' on input line 150.


[1

] (./main.toc

LaTeX Font Warning: Font shape `TU/SimSun(1)/b/n' undefined
(Font)              using `TU/SimSun(1)/m/n' instead on input line 1.



[2


]

[3]

[4]

[5]

[6]

[7])
\tf@toc=\write4
\openout4 = `main.toc'.



[8] (./chapters/chapter1.tex
第一章

LaTeX Font Warning: Font shape `TU/SimSun(1)/m/it' undefined
(Font)              using `TU/SimSun(1)/m/n' instead on input line 12.



[1


]

[2]

[3]

[4]

[5]) (./chapters/chapter2.tex

[6]
第二章


[7

]

[8]
Underfull \hbox (badness 10000) in paragraph at lines 109--109
[]|\TU/lmr/m/n/12 Power-to-X
 []


Underfull \hbox (badness 2376) in paragraph at lines 109--109
[]|\TU/SimSun(0)/m/n/12 离 网 或 富 余 电 力 生 产
 []


Underfull \hbox (badness 4805) in paragraph at lines 109--109
[]|\TU/SimSun(0)/m/n/12 示 范 与 规 划
 []


Underfull \hbox (badness 4805) in paragraph at lines 109--109
[]|\TU/SimSun(0)/m/n/12 部 分 链 路 已
 []



[9]

[10]
Underfull \hbox (badness 4805) in paragraph at lines 153--153
[]|\TU/SimSun(0)/m/n/12 前 沿 技 术 驱
 []



[11]
Underfull \hbox (badness 2269) in paragraph at lines 186--186
[]|\TU/SimSun(0)/m/n/12 单 项 技 术 陆 续 具 备
 []


Underfull \hbox (badness 2269) in paragraph at lines 186--186
[]|\TU/SimSun(0)/m/n/12 模 块 联 调 和 真 实 场
 []


Underfull \hbox (badness 2269) in paragraph at lines 186--186
[]|\TU/SimSun(0)/m/n/12 多 产 品 需 求 开 始 出
 []


Underfull \hbox (badness 2269) in paragraph at lines 186--186
[]|\TU/SimSun(0)/m/n/12 承 购 调 研 和 合 同 设
 []


Underfull \hbox (badness 2269) in paragraph at lines 186--186
[]|\TU/SimSun(0)/m/n/12 未 来 能 源 和 融 合 业
 []


Underfull \hbox (badness 2269) in paragraph at lines 186--186
[]|\TU/SimSun(0)/m/n/12 争 取 试 点 并 参 与 规
 []



[12]) (./chapters/chapter3.tex

[13]
第三章
File: figures/chapter3/fig3-1_system_architecture.png Graphic file (type bmp)
<figures/chapter3/fig3-1_system_architecture.png>


[14

]
Underfull \hbox (badness 1264) in paragraph at lines 42--42
[]|\TU/SimSun(0)/m/n/12 风 机  |—|  浮 体  |—|  系 泊  |—|
 []


Underfull \hbox (badness 10000) in paragraph at lines 42--42
[]|\TU/SimSun(0)/m/n/12 可 预 测 补
 []


Underfull \hbox (badness 2903) in paragraph at lines 42--42
[]|\TU/SimSun(0)/m/n/12 资 源 补 充\TU/lmr/m/n/12 /\TU/SimSun(0)/m/n/12 预
 []


Underfull \hbox (badness 1142) in paragraph at lines 42--42
[]|\TU/SimSun(0)/m/n/12 波 高  |—|  周 期 二 维 功 率
 []


Underfull \hbox (badness 1142) in paragraph at lines 42--42
\TU/SimSun(0)/m/n/12 除 湿 等 不 得 隐 藏 在 净
 []


Underfull \hbox (badness 1142) in paragraph at lines 42--42
[]|\TU/SimSun(0)/m/n/12 分 项 辅 机 负 荷 与 启 停
 []



[15]

[16]
File: figures/chapter3/fig3-4_storage_timescales.png Graphic file (type bmp)
<figures/chapter3/fig3-4_storage_timescales.png>


[17]
Underfull \hbox (badness 6477) in paragraph at lines 129--129
[]|\TU/SimSun(0)/m/n/12 电 压 频 率 建 立、|  惯
 []


Underfull \hbox (badness 10000) in paragraph at lines 129--129
[]|\TU/SimSun(0)/m/n/12 正 序 动 态、| \TU/lmr/m/n/12 EMT\TU/SimSun(0)/m/n/12 、|
 []


Underfull \hbox (badness 10000) in paragraph at lines 129--129
[]|\TU/SimSun(0)/m/n/12 逐 时 能 量 分 配、|
 []


Underfull \hbox (badness 3838) in paragraph at lines 129--129
\TU/lmr/m/n/12 SOC/\TU/SimSun(0)/m/n/12 库 存、|  合 同 与
 []



[18]

[19]
Underfull \hbox (badness 10000) in paragraph at lines 195--195
[]|\TU/SimSun(0)/m/n/12 关 键 刚 性 任
 []



[20]
Underfull \hbox (badness 10000) in paragraph at lines 245--245
[]|\TU/SimSun(0)/m/n/12 交 付 点
 []


Underfull \hbox (badness 3375) in paragraph at lines 245--245
\TU/lmr/m/n/12 MWh \TU/SimSun(0)/m/n/12 及 功
 []


Underfull \hbox (badness 2600) in paragraph at lines 245--245
[]|\TU/SimSun(0)/m/n/12 合 格 氢 \TU/lmr/m/n/12 kg\TU/SimSun(0)/m/n/12 、|
 []


Underfull \hbox (badness 1360) in paragraph at lines 245--245
\TU/SimSun(0)/m/n/12 任 务 量 或 合
 []


Underfull \hbox (badness 3375) in paragraph at lines 245--245
[]|\TU/lmr/m/n/12 MWh \TU/SimSun(0)/m/n/12 或 独
 []



[21]

[22]
Underfull \hbox (badness 10000) in paragraph at lines 303--303
[]|\TU/SimSun(0)/m/n/10.95 漂 浮 式 光
 []


LaTeX Font Warning: Font shape `TU/SimSun(0)/b/it' undefined
(Font)              using `TU/SimSun(0)/b/n' instead on input line 305.



[23]
Underfull \hbox (badness 2318) in paragraph at lines 334--334
[]|\TU/SimSun(0)/m/n/10 漂 浮 式 风 机 组 与 整 机
 []


Underfull \hbox (badness 2318) in paragraph at lines 334--334
[]|\TU/SimSun(0)/m/n/10 漂 浮 式 平 台 与 系 泊 系
 []


Underfull \hbox (badness 2318) in paragraph at lines 334--334
[]|\TU/SimSun(0)/m/n/10 动 态 海 缆 与 深 远 海 输
 []


Underfull \hbox (badness 3460) in paragraph at lines 334--334
[]|\TU/SimSun(0)/m/n/10 构 网 型 储 能  |（陆 上 示
 []


Underfull \hbox (badness 2318) in paragraph at lines 334--334
[]|\TU/SimSun(0)/m/n/10 深 远 海 平 台 级 离 网 构
 []


Underfull \hbox (badness 3460) in paragraph at lines 334--334
[]|\TU/SimSun(0)/m/n/10 电 解 水 制 氢  |（陆 上 商
 []


Underfull \hbox (badness 2318) in paragraph at lines 334--334
[]|\TU/SimSun(0)/m/n/10 海 底 绿 色 算 力 数 据 中
 []


Underfull \hbox (badness 10000) in paragraph at lines 334--334
[]|\TU/SimSun(0)/m/n/10 源 储 算 用 协 同 调 度
 []



[24]
File: figures/chapter3/fig3-3_trl_assessment.png Graphic file (type bmp)
<figures/chapter3/fig3-3_trl_assessment.png>


[25]

[26]) (./chapters/chapter4.tex

[27]
第四章
(./figures/chapter4/fig4-1_model_architecture.tex)

[28

] (./sections/4_1_symbols.tex

[29]
Underfull \hbox (badness 1603) in paragraph at lines 40--40
[]|\TU/SimSun(0)/m/n/12 电 池 能 量 状 态 和 构 网
 []


Underfull \hbox (badness 1603) in paragraph at lines 40--40
[]|\TU/SimSun(0)/m/n/12 公 共 母 线 唯 一 功 率 总
 []


Underfull \hbox (badness 6995) in paragraph at lines 40--40
[]|\TU/SimSun(0)/m/n/12 经 济\TU/lmr/m/n/12 –\TU/SimSun(0)/m/n/12 环 境\TU/lmr/m/n/
12 –\TU/SimSun(0)/m/n/12 可 靠 性 目
 []


Overfull \hbox (63.70366pt too wide) detected at line 54
[][][]\OMS/cmsy/m/n/15.05624 T \OT1/cmr/m/n/15.05624 = \OMS/cmsy/m/n/15.05624 f
\OT1/cmr/m/n/15.05624 1\OML/cmm/m/it/15.05624 ; \OT1/cmr/m/n/15.05624 2\OML/cmm
/m/it/15.05624 ; [] ; T\OMS/cmsy/m/n/15.05624 g\OML/cmm/m/it/15.05624 ;  \OMS/c
msy/m/n/15.05624 S \OT1/cmr/m/n/15.05624 = \OMS/cmsy/m/n/15.05624 f\OML/cmm/m/i
t/15.05624 w; pv; tc\OMS/cmsy/m/n/15.05624 g\OML/cmm/m/it/15.05624 ;  \OMS/cmsy
/m/n/15.05624 J \OT1/cmr/m/n/15.05624 = \OMS/cmsy/m/n/15.05624 f\OML/cmm/m/it/1
5.05624 E; H; C; M\OMS/cmsy/m/n/15.05624 g\OML/cmm/m/it/15.05624 ;  \OT1/cmr/m/
n/15.05624 ^^A\OML/cmm/m/it/15.05624 t[] > \OT1/cmr/m/n/15.05624 0\OML/cmm/m/it
/15.05624 :
 []



[30]
Underfull \hbox (badness 10000) in paragraph at lines 122--122
[]|\TU/SimSun(0)/m/n/10 合 成 为 设 施 总 功 率 进 入 \TU/lmr/m/n/10 MP-DC-
 []



[31]
Underfull \hbox (badness 10000) in paragraph at lines 142--142
[]|\TU/SimSun(0)/m/n/12 构 网 正
 []



[32]
Overfull \hbox (13.05266pt too wide) in alignment at lines 161--166
 [] [] [] [] [] 
 []


Overfull \hbox (13.05266pt too wide) in alignment at lines 166--171
 [] [] [] [] [] 
 []


Underfull \hbox (badness 1552) in paragraph at lines 172--172
[]|\TU/SimSun(1)/m/n/10 时 段 起 点、|  步 长、|  场 景 及 概 率，|
 []


Underfull \hbox (badness 10000) in paragraph at lines 177--177
[]|\TU/lmr/m/n/10 MW\TU/SimSun(1)/m/n/10 ；|
 []


Underfull \hbox (badness 10000) in paragraph at lines 181--181
[]|$\OML/cmm/m/it/10 P[]$\TU/SimSun(1)/m/n/10 、| $\OML/cmm/m/it/10 P[]$\TU/SimS
un(1)/m/n/10 、|
 []


Underfull \hbox (badness 10000) in paragraph at lines 182--182
[]|\TU/lmr/m/n/10 MW\TU/SimSun(1)/m/n/10 ；|
 []


Underfull \hbox (badness 10000) in paragraph at lines 182--182
\TU/lmr/m/n/10 MWh\TU/SimSun(1)/m/n/10 ；|
 []


Underfull \hbox (badness 10000) in paragraph at lines 187--187
[]|\TU/lmr/m/n/10 MW\TU/SimSun(1)/m/n/10 ；| \TU/lmr/m/n/10 kg\TU/SimSun(1)/m/n/
10 ；|
 []


Underfull \hbox (badness 10000) in paragraph at lines 194--194
[]|\TU/lmr/m/n/10 4.9–
 []


Underfull \hbox (badness 10000) in paragraph at lines 195--195
[]|\TU/SimSun(1)/m/n/10 文 本\TU/lmr/m/n/10 /\TU/SimSun(1)/m/n/10 逻
 []


Underfull \hbox (badness 10000) in paragraph at lines 196--196
[]|\TU/lmr/m/n/10 dispatchStatus\TU/SimSun(1)/m/n/10 、| \TU/lmr/m/n/10 con-
 []


Underfull \hbox (badness 10000) in paragraph at lines 196--197
[]|\TU/lmr/m/n/10 4.10/\TU/SimSun(1)/m/n/10 设 备 模
 []


Overfull \hbox (13.05266pt too wide) in alignment at lines 171--198
 [] [] [] [] [] 
 []

[33]
Overfull \hbox (13.05222pt too wide) in alignment at lines 211--216
 [] [] [] [] [] 
 []


Overfull \hbox (13.05222pt too wide) in alignment at lines 216--221
 [] [] [] [] [] 
 []


Underfull \hbox (badness 3503) in paragraph at lines 223--223
[]|\TU/SimSun(1)/b/n/10 版 本 化 逐 时 输 入 假
 []


Underfull \hbox (badness 3503) in paragraph at lines 224--224
[]|\TU/SimSun(1)/b/n/10 场 景 容 量 与 设 备 曲
 []


Underfull \hbox (badness 10000) in paragraph at lines 225--225
[]|\TU/lmr/m/n/10 MW/h\TU/SimSun(1)/b/n/10 ；|
 []


Underfull \hbox (badness 10000) in paragraph at lines 227--227
[]|\TU/lmr/m/n/10 MW/\TU/SimSun(1)/b/n/10 复 合
 []


Underfull \hbox (badness 3503) in paragraph at lines 227--227
[]|\TU/SimSun(1)/b/n/10 拓 扑 和 长 度 相 关 输
 []


Underfull \hbox (badness 10000) in paragraph at lines 228--228
[]|\TU/lmr/m/n/10 kg/\TU/SimSun(1)/b/n/10 时 段；|
 []


Underfull \hbox (badness 3503) in paragraph at lines 228--228
[]|\TU/SimSun(1)/b/n/10 储 运 情 景 输 入 假 设
 []


Underfull \hbox (badness 10000) in paragraph at lines 229--229
[]|\TU/SimSun(1)/b/n/10 光 纤 容 量、|  时 延 及
 []


Underfull \hbox (badness 3503) in paragraph at lines 229--229
[]|\TU/SimSun(1)/b/n/10 合 同 情 景 输 入 假 设
 []


Underfull \hbox (badness 10000) in paragraph at lines 230--230
[]|$\OML/cmm/m/it/10 E[]$\TU/SimSun(1)/b/n/10 、| $\OML/cmm/m/it/10 P[]$\TU/SimS
un(1)/b/n/10 、|
 []


Underfull \hbox (badness 10000) in paragraph at lines 230--230
[]|\TU/lmr/m/n/10 MWh\TU/SimSun(1)/b/n/10 ；|
 []


Underfull \hbox (badness 3503) in paragraph at lines 230--230
[]|\TU/SimSun(1)/b/n/10 容 量 情 景 输 入 假 设
 []


Underfull \hbox (badness 3503) in paragraph at lines 231--231
[]|\TU/SimSun(1)/b/n/10 设 备 曲 线 输 入 假 设
 []


Underfull \hbox (badness 10000) in paragraph at lines 232--232
[]|$\OML/cmm/m/it/10 P[]$\TU/SimSun(1)/b/n/10 、|
 []


Underfull \hbox (badness 10000) in paragraph at lines 232--232
[]|\TU/lmr/m/n/10 MW\TU/SimSun(1)/b/n/10 ；|
 []


Underfull \hbox (badness 3503) in paragraph at lines 232--232
[]|\TU/SimSun(1)/b/n/10 构 网 备 用 输 入 假 设
 []


Underfull \hbox (badness 10000) in paragraph at lines 232--233
[]|\TU/lmr/m/n/10 PCS \TU/SimSun(1)/b/n/10 厂 商、|  系 统 研 究、|
 []


Underfull \hbox (badness 3503) in paragraph at lines 233--233
[]|\TU/SimSun(1)/b/n/10 模 块 化 设 备 输 入 假
 []


Underfull \hbox (badness 10000) in paragraph at lines 234--234
[]|\TU/lmr/m/n/10 kWh/kg
 []


Underfull \hbox (badness 3503) in paragraph at lines 235--235
[]|\TU/SimSun(1)/b/n/10 储 氢 与 安 全 情 景 输
 []


Underfull \hbox (badness 3503) in paragraph at lines 236--236
[]|\TU/SimSun(1)/b/n/10 默 认 资 产 关 闭 假 设
 []


Underfull \hbox (badness 10000) in paragraph at lines 241--241
[]|\TU/lmr/m/n/10 0.03410556\TU/SimSun(1)/b/n/10 ；| \TU/lmr/m/n/10 0.0001\TU/Si
mSun(1)/b/n/10 ；|
 []


Underfull \hbox (badness 10000) in paragraph at lines 242--242
[]|\TU/lmr/m/n/10 h\TU/SimSun(1)/b/n/10 ；|
 []


Underfull \hbox (badness 10000) in paragraph at lines 243--243
[]|\TU/lmr/m/n/10 CNY/\TU/SimSun(1)/b/n/10 交
 []


Underfull \hbox (badness 3503) in paragraph at lines 243--243
[]|\TU/SimSun(1)/b/n/10 分 时 合 同 输 入 假 设
 []


Underfull \hbox (badness 3503) in paragraph at lines 244--244
[]|\TU/SimSun(1)/b/n/10 生 命 周 期 清 单 输 入
 []


Underfull \hbox (badness 3503) in paragraph at lines 245--245
[]|\TU/SimSun(1)/b/n/10 财 务 情 景 输 入 假 设
 []


Underfull \hbox (badness 10000) in paragraph at lines 246--246
[]|\TU/lmr/m/n/10 4.8–
 []


Underfull \hbox (badness 3503) in paragraph at lines 246--246
[]|\TU/SimSun(1)/b/n/10 管 理 阈 值 输 入 假 设
 []


Overfull \hbox (13.05222pt too wide) in alignment at lines 221--248
 [] [] [] [] [] 
 []

[34] [35]) (./sections/4_2_renewables_load.tex
(./figures/chapter4/fig4-2_source_model.tex)

[36]

[37]

[38]

[39]) (./sections/4_3_cable_grid.tex
(./figures/chapter4/fig4-3_delivery_model.tex)

[40]
Overfull \hbox (27.66998pt too wide) detected at line 56
[][][]\OML/cmm/m/it/15.05624 P[] \OT1/cmr/m/n/15.05624 = [] \OML/cmm/m/it/15.05
624 ^^U[][];  [] \OT1/cmr/m/n/15.05624 = [] \OML/cmm/m/it/15.05624 ^^U[]`[];  [
] ^^U[] \OT1/cmr/m/n/15.05624 = 1\OML/cmm/m/it/15.05624 ;  ^^U[] \OMS/cmsy/m/n/
15.05624 ^^U \OT1/cmr/m/n/15.05624 0\OML/cmm/m/it/15.05624 :
 []



[41]
Overfull \hbox (138.44424pt too wide) detected at line 115
[][][]\OML/cmm/m/it/15.05624 P[] \OT1/cmr/m/n/15.05624 = \OML/cmm/m/it/15.05624
 P[] \OMS/cmsy/m/n/15.05624 ^^@ \OML/cmm/m/it/15.05624 P[];  \OT1/cmr/m/n/15.05
624 0 \OMS/cmsy/m/n/15.05624 ^^T \OML/cmm/m/it/15.05624 P[] \OMS/cmsy/m/n/15.05
624 ^^T \OML/cmm/m/it/15.05624 P[];  W[] \OT1/cmr/m/n/15.05624 = [] \OML/cmm/m/
it/15.05624 P[]\OT1/cmr/m/n/15.05624 ^^A\OML/cmm/m/it/15.05624 t[]:
 []



[42]) (./sections/4_4_battery.tex (./figures/chapter4/fig4-4_battery_model.tex)


[43]) (./sections/4_5_hydrogen.tex
(./figures/chapter4/fig4-5_hydrogen_model.tex)

[44]

[45]

[46]

[47]) (./sections/4_6_compute.tex (./figures/chapter4/fig4-6_compute_model.tex)


[48]

[49]

[50]

[51]

[52]) (./sections/4_7_power_balance.tex

[53] (./figures/chapter4/fig4-7_bus_ledger.tex)
Overfull \hbox (132.5824pt too wide) detected at line 37
[][][][][]
 []



[54]) (./sections/4_8_objective.tex

[55]
Overfull \hbox (71.86894pt too wide) detected at line 21
[][][][][]
 []



[56]

[57]) (./sections/4_9_capacity_planning.tex

[58]
Overfull \hbox (78.61075pt too wide) detected at line 33
[][][]\OML/cmm/m/it/15.05624 p[] \OT1/cmr/m/n/15.05624 = \OML/cmm/m/it/15.05624
 P[];  p[] \OT1/cmr/m/n/15.05624 = \OML/cmm/m/it/15.05624 P[];  p[] \OT1/cmr/m/
n/15.05624 = \OML/cmm/m/it/15.05624 P[];  p[] \OT1/cmr/m/n/15.05624 = \OML/cmm/
m/it/15.05624 p[] \OT1/cmr/m/n/15.05624 + \OML/cmm/m/it/15.05624 p[] \OT1/cmr/m
/n/15.05624 + \OML/cmm/m/it/15.05624 p[]:
 []



[59]) (./sections/4_10_risk.tex

[60]
Overfull \hbox (15.35484pt too wide) detected at line 40
[][][]\OML/cmm/b/it/15.05624 u[] \OT1/cmr/m/n/15.05624 = \OML/cmm/m/it/15.05624
 ^^Y[]\OT1/cmr/m/n/15.05624 (\OMS/cmsy/m/n/15.05624 I[]\OT1/cmr/m/n/15.05624 )\
OML/cmm/m/it/15.05624 ;  \OMS/cmsy/m/n/15.05624 I[] \OT1/cmr/m/n/15.05624 = \OM
L/cmm/m/it/15.05624 ^^[  [] ;
 []



[61]

[62])) (./chapters/chapter5.tex

[63]
第五章

Underfull \hbox (badness 10000) in paragraph at lines 34--34
[]|\TU/SimSun(0)/m/n/12 合 成 机 制 验
 []


Underfull \hbox (badness 3954) in paragraph at lines 34--34
[]|\TU/SimSun(0)/m/n/12 全 通 道 能 否 激 活；|  母 线、|
 []


Underfull \hbox (badness 10000) in paragraph at lines 34--34
[]|\TU/SimSun(0)/m/n/12 正 常 典 型 比
 []


Underfull \hbox (badness 2426) in paragraph at lines 34--34
[]|\TU/SimSun(0)/m/n/12 从 年 度 正 常 候 选
 []


Underfull \hbox (badness 2426) in paragraph at lines 34--34
\TU/SimSun(0)/m/n/12 中 离 线 选 取 的 同
 []


Underfull \hbox (badness 10000) in paragraph at lines 34--34
[]|\TU/SimSun(0)/m/n/12 年 度 在 线 验
 []


Underfull \hbox (badness 2426) in paragraph at lines 34--34
[]|\TU/SimSun(0)/m/n/12 年 度 公 开 资 源 代
 []


Underfull \hbox (badness 2426) in paragraph at lines 34--34
\TU/SimSun(0)/m/n/12 价 格 负 荷 及 假 设
 []



[64

]
Underfull \hbox (badness 10000) in paragraph at lines 51--51
[]|\TU/SimSun(1)/m/n/15.05624 第 \TU/lmr/m/n/15.05624 4
 []


Overfull \hbox (19.54721pt too wide) in alignment at lines 48--53
 [] [] [] [] 
 []


Underfull \hbox (badness 10000) in paragraph at lines 55--55
[]|\TU/SimSun(1)/m/n/15.05624 第 \TU/lmr/m/n/15.05624 4
 []


Overfull \hbox (19.54721pt too wide) in alignment at lines 53--57
 [] [] [] [] 
 []


Underfull \hbox (badness 3364) in paragraph at lines 58--58
\TU/SimSun(1)/m/n/15.05624 备 及 源 侧 聚
 []


Underfull \hbox (badness 1694) in paragraph at lines 58--58
[]|\TU/lmr/m/n/15.05624 680/80/40 MW \TU/SimSun(1)/m/n/15.05624 三 源 装
 []


Underfull \hbox (badness 3364) in paragraph at lines 59--59
\TU/SimSun(1)/m/n/15.05624 力 及 海 洋 服
 []


Underfull \hbox (badness 3019) in paragraph at lines 59--59
[]|\TU/SimSun(1)/m/n/15.05624 海 缆 采 用 \TU/lmr/m/n/15.05624 8% \TU/SimSun(1)/m/n
/15.05624 固 定 损
 []


Underfull \hbox (badness 10000) in paragraph at lines 60--61
[]|\TU/lmr/m/n/15.05624 SOC\TU/SimSun(1)/m/n/15.05624 、|  充 放 互
 []


Underfull \hbox (badness 10000) in paragraph at lines 60--61
\TU/SimSun(1)/m/n/15.05624 斥、|  状 态 递 推、|
 []


Underfull \hbox (badness 1762) in paragraph at lines 60--61
\TU/SimSun(1)/m/n/15.05624 有 效 \TU/lmr/m/n/15.05624 SOC \TU/SimSun(1)/m/n/15.05
624 边 界
 []


Underfull \hbox (badness 10000) in paragraph at lines 61--61
[]|\TU/lmr/m/n/15.05624 5$\OMS/cmsy/m/n/15.05624 ^^B$\TU/lmr/m/n/15.05624 20 MW
 PEM\TU/SimSun(1)/m/n/15.05624 、|  固
 []


Underfull \hbox (badness 1642) in paragraph at lines 61--61
\TU/SimSun(1)/m/n/15.05624 定 \TU/lmr/m/n/15.05624 SEC 56.77 kWh/kg\TU/SimSun(1)
/m/n/15.05624 、|
 []


Underfull \hbox (badness 3364) in paragraph at lines 63--63
[]|\TU/SimSun(1)/m/n/15.05624 唯 一 公 共 母
 []


Underfull \hbox (badness 4634) in paragraph at lines 64--65
[]|\TU/SimSun(1)/m/n/15.05624 收 入\TU/lmr/m/n/15.05624 /\TU/SimSun(1)/m/n/15.056
24 成 本 分 账、|
 []


Underfull \hbox (badness 7012) in paragraph at lines 64--65
\TU/SimSun(1)/m/n/15.05624 目\TU/lmr/m/n/15.05624 /\TU/SimSun(1)/m/n/15.05624 避 
免\TU/lmr/m/n/15.05624 /\TU/SimSun(1)/m/n/15.05624 净 排 放
 []


Underfull \hbox (badness 1168) in paragraph at lines 65--65
[]|\TU/SimSun(1)/m/n/15.05624 逐 时 \TU/lmr/m/n/15.05624 E/H/C
 []


Underfull \hbox (badness 3364) in paragraph at lines 65--65
\TU/SimSun(1)/m/n/15.05624 计 划 与 可 行
 []


Underfull \hbox (badness 3364) in paragraph at lines 66--66
[]|\TU/SimSun(1)/m/n/15.05624 因 果 求 解 及
 []


Underfull \hbox (badness 2818) in paragraph at lines 66--67
[]|\TU/SimSun(1)/m/n/15.05624 信 息 边 界、| \TU/lmr/m/n/15.05624 8,760
 []


Underfull \hbox (badness 10000) in paragraph at lines 66--67
\TU/SimSun(1)/m/n/15.05624 小 时 求 解 状 态、|
 []


Overfull \hbox (8.8522pt too wide) in paragraph at lines 66--67
\TU/lmr/m/n/15.05624 REGFM/EMT/HIL
 []


Overfull \hbox (19.54721pt too wide) in alignment at lines 57--68
 [] [] [] [] 
 []

[65] [66]

LaTeX Font Warning: Font shape `TU/SimSun(1)/b/it' undefined
(Font)              using `TU/SimSun(1)/b/n' instead on input line 69.



[67]
Overfull \hbox (9.52873pt too wide) in paragraph at lines 115--115
[]|\TU/lmr/m/n/12 80 MW/160 MWh\TU/SimSun(0)/m/n/12 ；|
 []


Underfull \hbox (badness 1502) in paragraph at lines 115--115
\OML/cmm/m/it/12 ^^Q[] \OT1/cmr/m/n/12 = \OML/cmm/m/it/12 ^^Q[] \OT1/cmr/m/n/12
 =
 []


Underfull \hbox (badness 10000) in paragraph at lines 115--115
[]|\TU/SimSun(0)/m/n/12 上 下 各
 []


Underfull \hbox (badness 10000) in paragraph at lines 115--115
\TU/lmr/m/n/12 56.77 kWh/kg\TU/SimSun(0)/m/n/12 ；|
 []


Underfull \hbox (badness 1067) in paragraph at lines 115--115
[]|\TU/SimSun(0)/m/n/12 送 端 \TU/lmr/m/n/12 200 MW\TU/SimSun(0)/m/n/12 ；|
 []


Underfull \hbox (badness 10000) in paragraph at lines 115--115
[]|\TU/SimSun(0)/m/n/12 设 施 上 限
 []


Underfull \hbox (badness 10000) in paragraph at lines 115--115
[]|\TU/SimSun(0)/m/n/12 刚 性 需 求
 []



[68]

[69]

[70]

[71]

[72]
Underfull \hbox (badness 2142) in paragraph at lines 283--283
[]|\TU/lmr/m/n/12 P05/\TU/SimSun(0)/m/n/12 计 划
 []



[73]

[74]
Underfull \hbox (badness 4713) in paragraph at lines 359--361
[]\TU/SimSun(1)/m/n/15.05624 典 型 窗 口 总 可 用 新 能 源 为 \TU/lmr/m/n/15.05624 8,450.7
99 MWh\TU/SimSun(1)/m/n/15.05624 ，|  小 时 均 值
 []

File: figures/chapter5/fig5-1_typical48_multisource.png Graphic file (type bmp)

<figures/chapter5/fig5-1_typical48_multisource.png>


[75]

[76]
File: figures/chapter5/fig5-2_typical48_strategy_comparison.png Graphic file (t
ype bmp)
<figures/chapter5/fig5-2_typical48_strategy_comparison.png>


[77]

[78]
Underfull \hbox (badness 6001) in paragraph at lines 505--510
[]\TU/SimSun(1)/m/n/15.05624 在 线 策 略 同 时 形 成 \TU/lmr/m/n/15.05624 5,368.917 MWh
 \TU/SimSun(1)/m/n/15.05624 海 缆 受 端 电 量 和
 []

File: figures/chapter5/fig5-3_typical48_online_dispatch.png Graphic file (type 
bmp)
<figures/chapter5/fig5-3_typical48_online_dispatch.png>


[79]
File: figures/chapter5/fig5-4_forecast_and_anti_jitter.png Graphic file (type b
mp)
<figures/chapter5/fig5-4_forecast_and_anti_jitter.png>


[80]
Underfull \hbox (badness 6157) in paragraph at lines 570--575
[]\TU/SimSun(1)/m/n/15.05624 年 度 只 运 行 在 线 先 验\TU/lmr/m/n/15.05624 –\TU/SimSun(
1)/m/n/15.05624 后 验 策 略。|  三 源 可 用 新 能 源 合
 []


Underfull \hbox (badness 2941) in paragraph at lines 570--575
\TU/SimSun(1)/m/n/15.05624 计 \TU/lmr/m/n/15.05624 2,014,114.533 MWh\TU/SimSun(1
)/m/n/15.05624 ，|  实 际 利 用 \TU/lmr/m/n/15.05624 1,294,715.936 MWh\TU/SimSun(1)/
m/n/15.05624 ，|  弃 电
 []



[81]
File: figures/chapter5/fig5-5_annual_monthly_energy.png Graphic file (type bmp)

<figures/chapter5/fig5-5_annual_monthly_energy.png>


[82]

[83]
File: figures/chapter5/fig5-6_annual_duration_and_ens.png Graphic file (type bm
p)
<figures/chapter5/fig5-6_annual_duration_and_ens.png>


[84]

[85]
File: figures/chapter5/fig5-7_typhoon_response.png Graphic file (type bmp)
<figures/chapter5/fig5-7_typhoon_response.png>


[86]

[87]

[88]
Underfull \hbox (badness 10000) in paragraph at lines 820--820
\TU/SimSun(1)/m/n/15.05624 乎 退 化 为
 []


Underfull \hbox (badness 10000) in paragraph at lines 820--820
\TU/SimSun(1)/m/n/15.05624 共 同 负 荷
 []


Underfull \hbox (badness 10000) in paragraph at lines 821--821
[]|\TU/SimSun(1)/m/n/15.05624 在 线 策 略
 []


Underfull \hbox (badness 10000) in paragraph at lines 821--821
\TU/SimSun(1)/m/n/15.05624 优 于 纯 电
 []


Underfull \hbox (badness 10000) in paragraph at lines 823--823
[]|\TU/lmr/m/n/15.05624 94.984%
 []


Underfull \hbox (badness 4492) in paragraph at lines 824--824
[]|\TU/SimSun(1)/m/n/15.05624 过 境 \TU/lmr/m/n/15.05624 24 h
 []


Underfull \hbox (badness 10000) in paragraph at lines 824--824
\TU/SimSun(1)/m/n/15.05624 仅 服 务
 []


Underfull \hbox (badness 2478) in paragraph at lines 824--825
[]|\TU/lmr/m/n/15.05624 160 MWh BESS \TU/SimSun(1)/m/n/15.05624 可 交 付
 []


Underfull \hbox (badness 10000) in paragraph at lines 824--825
\TU/lmr/m/n/15.05624 119.7 MWh\TU/SimSun(1)/m/n/15.05624 ，|  无 法 覆 盖
 []


Underfull \hbox (badness 10000) in paragraph at lines 825--825
[]|\TU/SimSun(1)/m/n/15.05624 过 境 期
 []


Underfull \hbox (badness 10000) in paragraph at lines 825--825
\TU/lmr/m/n/15.05624 BESS/\TU/SimSun(1)/m/n/15.05624 储 氢
 []


Underfull \hbox (badness 10000) in paragraph at lines 827--827
[]|\TU/SimSun(1)/m/n/15.05624 内 部 关 键
 []


Underfull \hbox (badness 10000) in paragraph at lines 827--827
\TU/SimSun(1)/m/n/15.05624 负 荷 仅 约
 []


Underfull \hbox (badness 10000) in paragraph at lines 827--828
[]|\TU/SimSun(1)/m/n/15.05624 当 前 主 要 为 源 侧 辅 机、|
 []


Underfull \hbox (badness 10000) in paragraph at lines 827--828
\TU/lmr/m/n/15.05624 0.25 MW \TU/SimSun(1)/m/n/15.05624 公 共 辅 机 和
 []


Underfull \hbox (badness 3713) in paragraph at lines 828--828
[]|\TU/SimSun(1)/m/n/15.05624 可 用 于 统 一 比 较，|
 []


Underfull \hbox (badness 10000) in paragraph at lines 829--829
[]|\TU/lmr/m/n/15.05624 WS50M \TU/SimSun(1)/m/n/15.05624 直
 []


Underfull \hbox (badness 3713) in paragraph at lines 833--833
[]|\TU/SimSun(1)/m/n/15.05624 只 能 验 证 状 态 机，|
 []



[89] [90] [91]
Underfull \hbox (badness 10000) in paragraph at lines 861--861
[]|\TU/SimSun(1)/m/n/15.05624 资 源 与
 []


Underfull \hbox (badness 5817) in paragraph at lines 861--861
[]|\TU/SimSun(1)/m/n/15.05624 风 切 变、|  空 气
 []


Underfull \hbox (badness 2409) in paragraph at lines 861--861
[]|\TU/SimSun(1)/m/n/15.05624 年 发 电 量、|  低 出
 []


Underfull \hbox (badness 10000) in paragraph at lines 861--862
[]|\TU/SimSun(1)/m/n/15.05624 海 测\TU/lmr/m/n/15.05624 /\TU/SimSun(1)/m/n/15.056
24 测 风、|
 []


Underfull \hbox (badness 1424) in paragraph at lines 861--862
\TU/SimSun(1)/m/n/15.05624 再 分 析 校 准、|
 []


Underfull \hbox (badness 10000) in paragraph at lines 862--862
[]|\TU/SimSun(1)/m/n/15.05624 储 能 可
 []


Underfull \hbox (badness 4819) in paragraph at lines 862--862
[]|\TU/lmr/m/n/15.05624 BESS \TU/SimSun(1)/m/n/15.05624 功 率\TU/lmr/m/n/15.05624
 /\TU/SimSun(1)/m/n/15.05624 时
 []


Underfull \hbox (badness 1005) in paragraph at lines 862--862
\TU/SimSun(1)/m/n/15.05624 效 率、|  可 用 率、|
 []


Underfull \hbox (badness 10000) in paragraph at lines 862--863
[]|\TU/lmr/m/n/15.05624 PCS/OEM\TU/SimSun(1)/m/n/15.05624 、|
 []


Underfull \hbox (badness 10000) in paragraph at lines 863--863
[]|\TU/SimSun(1)/m/n/15.05624 氢 路 径
 []


Underfull \hbox (badness 10000) in paragraph at lines 863--863
\TU/SimSun(1)/m/n/15.05624 启 用 阈
 []


Underfull \hbox (badness 5817) in paragraph at lines 863--863
[]|\TU/SimSun(1)/m/n/15.05624 氢 价、|  最 低 承
 []


Underfull \hbox (badness 10000) in paragraph at lines 863--864
[]|\TU/SimSun(1)/m/n/15.05624 承 购 合 同、|
 []


Underfull \hbox (badness 10000) in paragraph at lines 863--864
\TU/lmr/m/n/15.05624 OEM\TU/SimSun(1)/m/n/15.05624 、|  储 运
 []


Underfull \hbox (badness 10000) in paragraph at lines 864--864
[]|\TU/SimSun(1)/m/n/15.05624 算 力 服
 []


Underfull \hbox (badness 5817) in paragraph at lines 864--864
\TU/SimSun(1)/m/n/15.05624 比 例、|  延 期 窗
 []


Underfull \hbox (badness 2409) in paragraph at lines 864--864
[]|\TU/SimSun(1)/m/n/15.05624 任 务 完 成 率、|  逾
 []


Underfull \hbox (badness 10000) in paragraph at lines 864--864
\TU/SimSun(1)/m/n/15.05624 期、|  服 务 收 入、|
 []


Underfull \hbox (badness 1424) in paragraph at lines 864--865
[]|\TU/SimSun(1)/m/n/15.05624 算 力 运 营 商、|
 []


Underfull \hbox (badness 10000) in paragraph at lines 865--865
[]|\TU/SimSun(1)/m/n/15.05624 电 力 外
 []


Underfull \hbox (badness 5817) in paragraph at lines 865--865
[]|\TU/SimSun(1)/m/n/15.05624 海 缆 容 量、|  距
 []


Underfull \hbox (badness 1005) in paragraph at lines 865--865
\TU/SimSun(1)/m/n/15.05624 离、|  损 耗 曲 线、|
 []


Underfull \hbox (badness 2980) in paragraph at lines 865--865
\TU/SimSun(1)/m/n/15.05624 受 端 限 额 和 价
 []


Underfull \hbox (badness 10000) in paragraph at lines 866--866
[]|\TU/SimSun(1)/m/n/15.05624 控 制 算
 []


Underfull \hbox (badness 2409) in paragraph at lines 866--866
[]|\TU/SimSun(1)/m/n/15.05624 算 法 净 增 益、|  抖
 []


Underfull \hbox (badness 10000) in paragraph at lines 867--867
[]|\TU/SimSun(1)/m/n/15.05624 极 端 事
 []


Underfull \hbox (badness 5817) in paragraph at lines 867--867
\TU/SimSun(1)/m/n/15.05624 时 长、|  共 因 停
 []


Underfull \hbox (badness 1005) in paragraph at lines 867--867
\TU/SimSun(1)/m/n/15.05624 机、|  通 信 中 断、|
 []


Underfull \hbox (badness 1394) in paragraph at lines 867--867
[]|\TU/SimSun(1)/m/n/15.05624 生 存 性 假 设 下 的
 []


Underfull \hbox (badness 10000) in paragraph at lines 867--868
[]|\TU/SimSun(1)/m/n/15.05624 气 象 海 洋、|
 []


Underfull \hbox (badness 10000) in paragraph at lines 867--868
\TU/lmr/m/n/15.05624 OEM/EPC\TU/SimSun(1)/m/n/15.05624 、|
 []


Underfull \hbox (badness 10000) in paragraph at lines 868--868
[]|\TU/SimSun(1)/m/n/15.05624 经 济 财
 []


Underfull \hbox (badness 10000) in paragraph at lines 868--868
[]|\TU/lmr/m/n/15.05624 CAPEX\TU/SimSun(1)/m/n/15.05624 、|  固 定
 []


Underfull \hbox (badness 10000) in paragraph at lines 868--868
\TU/lmr/m/n/15.05624 O&M\TU/SimSun(1)/m/n/15.05624 、|  替 换、|
 []


Underfull \hbox (badness 10000) in paragraph at lines 868--868
[]|\TU/lmr/m/n/15.05624 NPV\TU/SimSun(1)/m/n/15.05624 、| \TU/lmr/m/n/15.05624 F
IRR\TU/SimSun(1)/m/n/15.05624 、|
 []


Underfull \hbox (badness 5817) in paragraph at lines 869--869
[]|\TU/SimSun(1)/m/n/15.05624 建 设、|  设 备 更
 []


Underfull \hbox (badness 1424) in paragraph at lines 869--870
\TU/SimSun(1)/m/n/15.05624 行 业 数 据 库、|
 []


Underfull \hbox (badness 10000) in paragraph at lines 870--870
[]|\TU/SimSun(1)/m/n/15.05624 动 态 构
 []


Underfull \hbox (badness 1527) in paragraph at lines 870--870
[]|\TU/SimSun(1)/m/n/15.05624 惯 量\TU/lmr/m/n/15.05624 /\TU/SimSun(1)/m/n/15.056
24 下 垂、| \TU/lmr/m/n/15.05624 P–
 []


Underfull \hbox (badness 10000) in paragraph at lines 870--871
[]|\TU/lmr/m/n/15.05624 REGFM\TU/SimSun(1)/m/n/15.05624 、|
 []


Underfull \hbox (badness 10000) in paragraph at lines 870--871
\TU/lmr/m/n/15.05624 EMT\TU/SimSun(1)/m/n/15.05624 、| \TU/lmr/m/n/15.05624 HIL\
TU/SimSun(1)/m/n/15.05624 、|
 []

[92] [93]

[94]) (./chapters/chapter6.tex

[95]
第六章

Underfull \hbox (badness 1057) in paragraph at lines 28--28
[]|\TU/SimSun(0)/m/n/12 岸 基 联 调、|  关 键 认
 []



[96

]
Underfull \hbox (badness 4391) in paragraph at lines 58--58
[]|\TU/SimSun(1)/b/n/10.95 电 力 交 易\TU/lmr/m/n/10.95 /\TU/SimSun(1)/b/n/10.95 长 
期
 []



[97]
Underfull \hbox (badness 10000) in paragraph at lines 122--122
[]|\TU/SimSun(1)/b/n/10.95 交 付 点
 []


Underfull \hbox (badness 10000) in paragraph at lines 122--122
[]|\TU/SimSun(1)/b/n/10.95 合 格 产 品
 []


Underfull \hbox (badness 3471) in paragraph at lines 122--122
[]|\TU/SimSun(1)/b/n/10.95 合 同 计 费 单
 []


Underfull \hbox (badness 4647) in paragraph at lines 122--122
[]|\TU/SimSun(1)/b/n/10.95 有 效 服 务 量、|  利 用 率 和
 []


Underfull \hbox (badness 6316) in paragraph at lines 122--122
[]|\TU/lmr/m/n/10.95 MWh \TU/SimSun(1)/b/n/10.95 或 服
 []


Underfull \hbox (badness 10000) in paragraph at lines 122--122
[]|\TU/SimSun(1)/b/n/10.95 绿 证 或
 []



[98]

[99]
Underfull \hbox (badness 2418) in paragraph at lines 169--169
[]|\TU/SimSun(1)/b/n/10 弱 网\TU/lmr/m/n/10 /\TU/SimSun(1)/b/n/10 离 网 及 故 障 工 况
 []


Underfull \hbox (badness 3250) in paragraph at lines 169--169
[]|\TU/SimSun(1)/b/n/10 性 能 保 证 可 写 入 合 同，|
 []



[100]

[101]
Underfull \hbox (badness 4805) in paragraph at lines 240--240
[]|\TU/SimSun(0)/m/n/12 最 小 验 证 系
 []


Underfull \hbox (badness 4805) in paragraph at lines 240--240
[]|\TU/SimSun(0)/m/n/12 预 商 业 化 集
 []


Underfull \hbox (badness 1292) in paragraph at lines 267--267
[]|\TU/SimSun(1)/b/n/10.95 储 能\TU/lmr/m/n/10.95 /\TU/SimSun(1)/b/n/10.95 电 力 电 
子
 []


Underfull \hbox (badness 1292) in paragraph at lines 267--267
[]|\TU/SimSun(1)/b/n/10.95 高 校 院 所\TU/lmr/m/n/10.95 /\TU/SimSun(1)/b/n/10.95 认 
证
 []



[102]
Underfull \hbox (badness 2293) in paragraph at lines 292--292
[]|\TU/lmr/m/n/12 A \TU/SimSun(0)/m/n/12 主 链 路 最
 []



[103]

[104]

[105]) (./chapters/chapter7.tex

[106]
第七章
) (./references.tex

[107

]
Underfull \hbox (badness 3758) in paragraph at lines 4--7
[]\TU/FangSong(0)/m/n/15.05624 全 国 人 民 代 表 大 会 常 务 委 员 会\TU/lmr/m/n/15.05624 . 
\TU/FangSong(0)/m/n/15.05624 中 华 人 民 共 和 国 能 源
 []


Underfull \hbox (badness 4429) in paragraph at lines 14--17
[]\TU/FangSong(0)/m/n/15.05624 国 家 能 源 局\TU/lmr/m/n/15.05624 . \TU/FangSong(0)/
m/n/15.05624 对 十 四 届 全 国 人 大 三 次 会 议 第 \TU/lmr/m/n/15.05624 8608 \TU/FangSong(0
)/m/n/15.05624 号
 []


Underfull \hbox (badness 5726) in paragraph at lines 14--17
\TU/FangSong(0)/m/n/15.05624 建 议 的 答 复\TU/lmr/m/n/15.05624 , 2025. []$[][][][][
] [] [] [] [][][] [] [][][] [] [][][] [] [][] [] [][][][][][][][] []
 []


Underfull \hbox (badness 10000) in paragraph at lines 19--23
[]\TU/FangSong(0)/m/n/15.05624 工 业 和 信 息 化 部 等 七 部 门\TU/lmr/m/n/15.05624 . \TU/
FangSong(0)/m/n/15.05624 关 于 推 动 未 来 产 业 创 新
 []


Underfull \hbox (badness 6348) in paragraph at lines 19--23
\TU/FangSong(0)/m/n/15.05624 发 展 的 实 施 意 见  |（工 信 部 联 科  |〔\TU/lmr/m/n/15.05624
 2024\TU/FangSong(0)/m/n/15.05624 〕| \TU/lmr/m/n/15.05624 12 \TU/FangSong(0)/m/
n/15.05624 号）| \TU/lmr/m/n/15.05624 , 2024.
 []


Underfull \hbox (badness 10000) in paragraph at lines 19--23
[]$[][][][][] [] [] [] [][][] [] [][][][] [] [][][] [] [][] [] [][][][] [] [][]
[][] [] [][][][] [] [][] [] [][][] [] [][][][] []
 []


Underfull \hbox (badness 3895) in paragraph at lines 19--23
[][][] [] [][][][][][][][][][][][][][][][][][][][][][][][][][][][][][][][] [] [
][][][]$[]\TU/lmr/m/n/15.05624 .  |\TU/FangSong(0)/m/n/15.05624 （来 源 类
 []


Underfull \hbox (badness 10000) in paragraph at lines 25--28
[]\TU/lmr/m/n/15.05624 IRENA. \TU/lmr/m/it/15.05624 Floating Offshore Wind Outl
ook\TU/lmr/m/n/15.05624 . 2024.
 []


Underfull \hbox (badness 10000) in paragraph at lines 25--28
[]$[][][][][] [] [] [] [][][] [] [][][][][] [] [][][] [] [][][][][][][][][][][]
[] [] [][][][] [] [][][] []
 []


Underfull \hbox (badness 10000) in paragraph at lines 25--28
[][][][][][][][][][][][][][][][][][][][][][][][][][][][][][][][][]$[]\TU/lmr/m/
n/15.05624 .  |\TU/FangSong(0)/m/n/15.05624 （来 源 类 型：|  国 际
 []


Underfull \hbox (badness 10000) in paragraph at lines 30--33
[]\TU/lmr/m/n/15.05624 DNV. \TU/lmr/m/it/15.05624 Offshore Energy Islands\TU/lm
r/m/n/15.05624 . []$[][][][][] [] [] [] [][][] [] [][][] [] [][][] []
 []


Underfull \hbox (badness 1803) in paragraph at lines 35--38
[]\TU/FangSong(0)/m/n/15.05624 国 家 能 源 集 团\TU/lmr/m/n/15.05624 . \TU/FangSong(0
)/m/n/15.05624 全 球 首 座 风 渔 融 合 浮 式 平 台 投 产\TU/lmr/m/n/15.05624 , 2024.
 []


Underfull \hbox (badness 10000) in paragraph at lines 35--38
[]$[][][][][] [] [] [] [][][] [] [][][][][][][][][] [] [][][] [] [][] [] [][][]
[][][][][] [] [][][][][][][] []
 []


Underfull \hbox (badness 10000) in paragraph at lines 35--38
[][][][][][] [] [][][][][][][][][][][][][][][][][][][][][][][][][][][][][][][][
] [] [][][][][]$[]\TU/lmr/m/n/15.05624 .  |\TU/FangSong(0)/m/n/15.05624 （来
 []


Underfull \hbox (badness 10000) in paragraph at lines 40--43
[]\TU/FangSong(0)/m/n/15.05624 国 家 能 源 集 团\TU/lmr/m/n/15.05624 . \TU/FangSong(0
)/m/n/15.05624 以 创 新 引 领 能 源 新 质 生 产 力\TU/lmr/m/n/15.05624 , 2024.
 []


Underfull \hbox (badness 10000) in paragraph at lines 40--43
[]$[][][][][] [] [] [] [][][] [] [][][][][][][][][] [] [][][] [] [][] [] [][][]
[][][][][] [] [][][][][][][] []
 []


Underfull \hbox (badness 10000) in paragraph at lines 40--43
[][][][][][] [] [][][][][][][][][][][][][][][][][][][][][][][][][][][][][][][][
] [] [][][][][]$[]\TU/lmr/m/n/15.05624 .  |\TU/FangSong(0)/m/n/15.05624 （来
 []



[108

]
Underfull \hbox (badness 1067) in paragraph at lines 45--48
[]\TU/FangSong(0)/m/n/15.05624 国 家 能 源 集 团\TU/lmr/m/n/15.05624 . \TU/FangSong(0
)/m/n/15.05624 宁 东 可 再 生 氢 碳 减 排 示 范 项 目 光 伏 并 网\TU/lmr/m/n/15.05624 ,
 []


Underfull \hbox (badness 2671) in paragraph at lines 45--48
\TU/lmr/m/n/15.05624 2023. []$[][][][][] [] [] [] [][][] [] [][][][][][][][][] 
[] [][][] [] [][] [] [][][][][][][][] [] [][][][][][][] []
 []


Underfull \hbox (badness 4205) in paragraph at lines 60--64
[]\TU/FangSong(0)/m/n/15.05624 国 家 发 展 改 革 委\TU/lmr/m/n/15.05624 , \TU/FangSong
(0)/m/n/15.05624 国 家 能 源 局\TU/lmr/m/n/15.05624 . \TU/FangSong(0)/m/n/15.05624 关
 于 有 序 推 动 绿 电 直
 []


Underfull \hbox (badness 7925) in paragraph at lines 60--64
\TU/FangSong(0)/m/n/15.05624 连 发 展 有 关 事 项 的 通 知  |（发 改 能 源  |〔\TU/lmr/m/n/15.0
5624 2025\TU/FangSong(0)/m/n/15.05624 〕| \TU/lmr/m/n/15.05624 650 \TU/FangSong(
0)/m/n/15.05624 号）| \TU/lmr/m/n/15.05624 ,
 []


Underfull \hbox (badness 10000) in paragraph at lines 60--64
\TU/lmr/m/n/15.05624 2025. []$[][][][][] [] [] [] [][][] [] [][][][] [] [][][] 
[] [][] [] [][][][] [] [][][][] [] [][] [] [][][][][][] []
 []


Underfull \hbox (badness 1728) in paragraph at lines 66--70
[]\TU/FangSong(0)/m/n/15.05624 国 家 发 展 改 革 委\TU/lmr/m/n/15.05624 , \TU/FangSong
(0)/m/n/15.05624 国 家 能 源 局\TU/lmr/m/n/15.05624 . \TU/FangSong(0)/m/n/15.05624 关
 于 有 序 推 动 多 用 户 绿
 []


Underfull \hbox (badness 1824) in paragraph at lines 66--70
\TU/FangSong(0)/m/n/15.05624 电 直 连 发 展 有 关 事 项 的 通 知  |（发 改 能 源  |〔\TU/lmr/m/n/
15.05624 2026\TU/FangSong(0)/m/n/15.05624 〕| \TU/lmr/m/n/15.05624 688 \TU/FangS
ong(0)/m/n/15.05624 号）|
 []


Underfull \hbox (badness 2050) in paragraph at lines 66--70
\TU/lmr/m/n/15.05624 , 2026. []$[][][][][] [] [] [] [][][] [] [][][][] [] [][][
] [] [][] [] [][][][] [] [][] [] [][][][] [] [][][][][][] []
 []


Underfull \hbox (badness 10000) in paragraph at lines 72--76
[][][] [] [][] [] [][][][][][][][] [] [][][][][][][][][][][][][][][][][][][][][
][][][][][][][][][][][] [] [] []
 []



[109]
Underfull \hbox (badness 1005) in paragraph at lines 111--113
[]\TU/lmr/m/n/15.05624 IEC. IEC 61400-3-2:2025, Wind energy generation systems—

 []


Underfull \hbox (badness 1342) in paragraph at lines 115--117
[]\TU/FangSong(0)/m/n/15.05624 国 家 市 场 监 督 管 理 总 局\TU/lmr/m/n/15.05624 , \TU/Fa
ngSong(0)/m/n/15.05624 国 家 标 准 化 管 理 委 员 会\TU/lmr/m/n/15.05624 . GB/Z
 []



[110]
Underfull \hbox (badness 1205) in paragraph at lines 126--128
[]\TU/FangSong(0)/m/n/15.05624 国 家 市 场 监 督 管 理 总 局\TU/lmr/m/n/15.05624 , \TU/Fa
ngSong(0)/m/n/15.05624 国 家 标 准 化 管 理 委 员 会\TU/lmr/m/n/15.05624 . GB/T
 []


Underfull \hbox (badness 2809) in paragraph at lines 139--142
[]\TU/lmr/m/n/15.05624 PyPSA Developers. Storage unit constraints, PyPSA Opti-
 []



[111]
Underfull \hbox (badness 10000) in paragraph at lines 197--199
[]\TU/lmr/m/n/15.05624 IEC. IEC 60300-3-3:2017, Dependability management—
 []


Underfull \hbox (badness 3128) in paragraph at lines 197--199
\TU/lmr/m/n/15.05624 Application guide—Life cycle costing. |\TU/FangSong(0)/m/n
/15.05624 （来 源 类 型：|  国 际 标
 []



[112]
Underfull \hbox (badness 1609) in paragraph at lines 224--228
\TU/lmr/m/n/15.05624 rithm in the presence of unknown correlations. \TU/lmr/m/i
t/15.05624 Proceedings
 []



[113])

[114] (./main.aux)
 ***********
LaTeX2e <2024-11-01> patch level 2
L3 programming layer <2022/07/14>
 ***********


LaTeX Font Warning: Some font shapes were not available, defaults substituted.

 ) 
Here is how much of TeX's memory you used:
 36607 strings out of 473832
 877166 string characters out of 5723061
 1183995 words of memory out of 5000000
 58987 multiletter control sequences out of 15000+600000
 590592 words of font info for 224 fonts, out of 8000000 for 9000
 1348 hyphenation exceptions out of 8191
 93i,12n,111p,1209b,1267s stack positions out of 10000i,1000n,20000p,200000b,200000s

Output written on main.xdv (123 pages, 1562564 bytes).
