This is XeTeX, Version 3.141592653-2.6-0.999997 (TeX Live 2025) (preloaded format=xelatex 2026.2.1)  1 AUG 2026 15:48
entering extended mode
 restricted \write18 enabled.
 file:line:error style messages enabled.
 %&-line parsing enabled.
**main.tex
(./main.tex
LaTeX2e <2024-11-01> patch level 2
L3 programming layer <2025-01-18>
(d:/Program Files/Texlive/texlive/2025/texmf-dist/tex/latex/ctex/ctexrep.cls
(d:/Program Files/Texlive/texlive/2025/texmf-dist/tex/latex/ctex/config/ctexbac
kend.cfg
File: ctexbackend.cfg 2022/07/14 v2.5.10 Backend configuration file (CTEX)
)
(d:/Program Files/Texlive/texlive/2025/texmf-dist/tex/latex/l3kernel/expl3.sty
Package: expl3 2025-01-18 L3 programming layer (loader) 

(d:/Program Files/Texlive/texlive/2025/texmf-dist/tex/latex/l3backend/l3backend
-xetex.def
File: l3backend-xetex.def 2024-05-08 L3 backend support: XeTeX
\g__graphics_track_int=\count192
\l__pdf_internal_box=\box52
\g__pdf_backend_annotation_int=\count193
\g__pdf_backend_link_int=\count194
))
Document Class: ctexrep 2022/07/14 v2.5.10 Chinese adapter for class report (CT
EX)
(d:/Program Files/Texlive/texlive/2025/texmf-dist/tex/latex/ctex/ctexhook.sty
Package: ctexhook 2022/07/14 v2.5.10 Document and package hooks (CTEX)
)
(d:/Program Files/Texlive/texlive/2025/texmf-dist/tex/latex/ctex/ctexpatch.sty
Package: ctexpatch 2022/07/14 v2.5.10 Patching commands (CTEX)
) (d:/Program Files/Texlive/texlive/2025/texmf-dist/tex/latex/base/fix-cm.sty
Package: fix-cm 2020/11/24 v1.1t fixes to LaTeX

(d:/Program Files/Texlive/texlive/2025/texmf-dist/tex/latex/base/ts1enc.def
File: ts1enc.def 2001/06/05 v3.0e (jk/car/fm) Standard LaTeX file
LaTeX Font Info:    Redeclaring font encoding TS1 on input line 47.
))
\l__ctex_tmp_int=\count195
\l__ctex_tmp_box=\box53
\l__ctex_tmp_dim=\dimen141
\g__ctex_section_depth_int=\count196
\g__ctex_font_size_int=\count197

(d:/Program Files/Texlive/texlive/2025/texmf-dist/tex/latex/ctex/config/ctexopt
s.cfg
File: ctexopts.cfg 2022/07/14 v2.5.10 Option configuration file (CTEX)
)
(d:/Program Files/Texlive/texlive/2025/texmf-dist/tex/latex/base/report.cls
Document Class: report 2024/06/29 v1.4n Standard LaTeX document class
(d:/Program Files/Texlive/texlive/2025/texmf-dist/tex/latex/base/size12.clo
File: size12.clo 2024/06/29 v1.4n Standard LaTeX file (size option)
)
\c@part=\count198
\c@chapter=\count199
\c@section=\count266
\c@subsection=\count267
\c@subsubsection=\count268
\c@paragraph=\count269
\c@subparagraph=\count270
\c@figure=\count271
\c@table=\count272
\abovecaptionskip=\skip49
\belowcaptionskip=\skip50
\bibindent=\dimen142
)
(d:/Program Files/Texlive/texlive/2025/texmf-dist/tex/latex/ctex/engine/ctex-en
gine-xetex.def
File: ctex-engine-xetex.def 2022/07/14 v2.5.10 XeLaTeX adapter (CTEX)

(d:/Program Files/Texlive/texlive/2025/texmf-dist/tex/xelatex/xecjk/xeCJK.sty
Package: xeCJK 2022/08/05 v3.9.1 Typesetting CJK scripts with XeLaTeX

(d:/Program Files/Texlive/texlive/2025/texmf-dist/tex/latex/l3packages/xtemplat
e/xtemplate.sty
Package: xtemplate 2024-08-16 L3 Experimental prototype document functions
)
\l__xeCJK_tmp_int=\count273
\l__xeCJK_tmp_box=\box54
\l__xeCJK_tmp_dim=\dimen143
\l__xeCJK_tmp_skip=\skip51
\g__xeCJK_space_factor_int=\count274
\l__xeCJK_begin_int=\count275
\l__xeCJK_end_int=\count276
\c__xeCJK_CJK_class_int=\XeTeXcharclass1
\c__xeCJK_FullLeft_class_int=\XeTeXcharclass2
\c__xeCJK_FullRight_class_int=\XeTeXcharclass3
\c__xeCJK_HalfLeft_class_int=\XeTeXcharclass4
\c__xeCJK_HalfRight_class_int=\XeTeXcharclass5
\c__xeCJK_NormalSpace_class_int=\XeTeXcharclass6
\c__xeCJK_CM_class_int=\XeTeXcharclass7
\c__xeCJK_HangulJamo_class_int=\XeTeXcharclass8
\l__xeCJK_last_skip=\skip52
\c__xeCJK_none_node=\count277
\g__xeCJK_node_int=\count278
\c__xeCJK_CJK_node_dim=\dimen144
\c__xeCJK_CJK-space_node_dim=\dimen145
\c__xeCJK_default_node_dim=\dimen146
\c__xeCJK_CJK-widow_node_dim=\dimen147
\c__xeCJK_normalspace_node_dim=\dimen148
\c__xeCJK_default-space_node_skip=\skip53
\l__xeCJK_ccglue_skip=\skip54
\l__xeCJK_ecglue_skip=\skip55
\l__xeCJK_punct_kern_skip=\skip56
\l__xeCJK_indent_box=\box55
\l__xeCJK_last_penalty_int=\count279
\l__xeCJK_last_bound_dim=\dimen149
\l__xeCJK_last_kern_dim=\dimen150
\l__xeCJK_widow_penalty_int=\count280

LaTeX template Info: Declaring template type 'xeCJK/punctuation' taking 0
(template)           argument(s) on line 2396.

\l__xeCJK_fixed_punct_width_dim=\dimen151
\l__xeCJK_mixed_punct_width_dim=\dimen152
\l__xeCJK_middle_punct_width_dim=\dimen153
\l__xeCJK_fixed_margin_width_dim=\dimen154
\l__xeCJK_mixed_margin_width_dim=\dimen155
\l__xeCJK_middle_margin_width_dim=\dimen156
\l__xeCJK_bound_punct_width_dim=\dimen157
\l__xeCJK_bound_margin_width_dim=\dimen158
\l__xeCJK_margin_minimum_dim=\dimen159
\l__xeCJK_kerning_total_width_dim=\dimen160
\l__xeCJK_same_align_margin_dim=\dimen161
\l__xeCJK_different_align_margin_dim=\dimen162
\l__xeCJK_kerning_margin_width_dim=\dimen163
\l__xeCJK_kerning_margin_minimum_dim=\dimen164
\l__xeCJK_bound_dim=\dimen165
\l__xeCJK_reverse_bound_dim=\dimen166
\l__xeCJK_margin_dim=\dimen167
\l__xeCJK_minimum_bound_dim=\dimen168
\l__xeCJK_kerning_margin_dim=\dimen169
\g__xeCJK_family_int=\count281
\l__xeCJK_fam_int=\count282
\g__xeCJK_fam_allocation_int=\count283
\l__xeCJK_verb_case_int=\count284
\l__xeCJK_verb_exspace_skip=\skip57

(d:/Program Files/Texlive/texlive/2025/texmf-dist/tex/latex/fontspec/fontspec.s
ty
(d:/Program Files/Texlive/texlive/2025/texmf-dist/tex/latex/l3packages/xparse/x
parse.sty
Package: xparse 2024-08-16 L3 Experimental document command parser
)
Package: fontspec 2024/05/11 v2.9e Font selection for XeLaTeX and LuaLaTeX

(d:/Program Files/Texlive/texlive/2025/texmf-dist/tex/latex/fontspec/fontspec-x
etex.sty
Package: fontspec-xetex 2024/05/11 v2.9e Font selection for XeLaTeX and LuaLaTe
X
\l__fontspec_script_int=\count285
\l__fontspec_language_int=\count286
\l__fontspec_strnum_int=\count287
\l__fontspec_tmp_int=\count288
\l__fontspec_tmpa_int=\count289
\l__fontspec_tmpb_int=\count290
\l__fontspec_tmpc_int=\count291
\l__fontspec_em_int=\count292
\l__fontspec_emdef_int=\count293
\l__fontspec_strong_int=\count294
\l__fontspec_strongdef_int=\count295
\l__fontspec_tmpa_dim=\dimen170
\l__fontspec_tmpb_dim=\dimen171
\l__fontspec_tmpc_dim=\dimen172

(d:/Program Files/Texlive/texlive/2025/texmf-dist/tex/latex/base/fontenc.sty
Package: fontenc 2021/04/29 v2.0v Standard LaTeX package
)
(d:/Program Files/Texlive/texlive/2025/texmf-dist/tex/latex/fontspec/fontspec.c
fg)))
(d:/Program Files/Texlive/texlive/2025/texmf-dist/tex/xelatex/xecjk/xeCJK.cfg
File: xeCJK.cfg 2022/08/05 v3.9.1 Configuration file for xeCJK package
))
\ccwd=\dimen173
\l__ctex_ccglue_skip=\skip58
)
\l__ctex_ziju_dim=\dimen174

(d:/Program Files/Texlive/texlive/2025/texmf-dist/tex/latex/zhnumber/zhnumber.s
ty
Package: zhnumber 2022/07/14 v3.0 Typesetting numbers with Chinese glyphs
\l__zhnum_scale_int=\count296
\l__zhnum_tmp_int=\count297

(d:/Program Files/Texlive/texlive/2025/texmf-dist/tex/latex/zhnumber/zhnumber-u
tf8.cfg
File: zhnumber-utf8.cfg 2022/07/14 v3.0 Chinese numerals with UTF8 encoding
))
\l__ctex_heading_skip=\skip59

(d:/Program Files/Texlive/texlive/2025/texmf-dist/tex/latex/ctex/scheme/ctex-sc
heme-chinese-report.def
File: ctex-scheme-chinese-report.def 2022/07/14 v2.5.10 Chinese scheme for repo
rt (CTEX)

(d:/Program Files/Texlive/texlive/2025/texmf-dist/tex/latex/ctex/config/ctex-na
me-utf8.cfg
File: ctex-name-utf8.cfg 2022/07/14 v2.5.10 Caption with encoding UTF-8 (CTEX)
))
(d:/Program Files/Texlive/texlive/2025/texmf-dist/tex/latex/ctex/fontset/ctex-f
ontset-fandol.def
File: ctex-fontset-fandol.def 2022/07/14 v2.5.10 Fandol fonts definition (CTEX)


Package fontspec Info: 
(fontspec)             Script 'CJK' not explicitly supported within font
(fontspec)             'FandolSong-Regular'. Check the typeset output, and if
(fontspec)             it is okay then ignore this warning. Otherwise a
(fontspec)             different font should be chosen.


Package fontspec Info: 
(fontspec)             Font family 'FandolSong-Regular(0)' created for font
(fontspec)             'FandolSong-Regular' with options
(fontspec)             [Script={CJK},Extension={.otf},BoldFont={FandolSong-Bold
},ItalicFont={FandolKai-Regular}].
(fontspec)              
(fontspec)              This font family consists of the following NFSS
(fontspec)             series/shapes:
(fontspec)              
(fontspec)             - 'normal' (m/n) with NFSS spec.:
(fontspec)             <->"[FandolSong-Regular.otf]/OT:script=hani;language=dfl
t;"
(fontspec)             - 'bold' (b/n) with NFSS spec.:
(fontspec)             <->"[FandolSong-Bold.otf]/OT:script=hani;language=dflt;"

(fontspec)             - 'italic' (m/it) with NFSS spec.:
(fontspec)             <->"[FandolKai-Regular.otf]/OT:script=hani;language=dflt
;"

))
(d:/Program Files/Texlive/texlive/2025/texmf-dist/tex/latex/ctex/config/ctex.cf
g
File: ctex.cfg 2022/07/14 v2.5.10 Configuration file (CTEX)
)
(d:/Program Files/Texlive/texlive/2025/texmf-dist/tex/latex/geometry/geometry.s
ty
Package: geometry 2020/01/02 v5.9 Page Geometry

(d:/Program Files/Texlive/texlive/2025/texmf-dist/tex/latex/graphics/keyval.sty
Package: keyval 2022/05/29 v1.15 key=value parser (DPC)
\KV@toks@=\toks17
)
(d:/Program Files/Texlive/texlive/2025/texmf-dist/tex/generic/iftex/ifvtex.sty
Package: ifvtex 2019/10/25 v1.7 ifvtex legacy package. Use iftex instead.

(d:/Program Files/Texlive/texlive/2025/texmf-dist/tex/generic/iftex/iftex.sty
Package: iftex 2024/12/12 v1.0g TeX engine tests
))
\Gm@cnth=\count298
\Gm@cntv=\count299
\c@Gm@tempcnt=\count300
\Gm@bindingoffset=\dimen175
\Gm@wd@mp=\dimen176
\Gm@odd@mp=\dimen177
\Gm@even@mp=\dimen178
\Gm@layoutwidth=\dimen179
\Gm@layoutheight=\dimen180
\Gm@layouthoffset=\dimen181
\Gm@layoutvoffset=\dimen182
\Gm@dimlist=\toks18
)
(d:/Program Files/Texlive/texlive/2025/texmf-dist/tex/latex/amsmath/amsmath.sty
Package: amsmath 2024/11/05 v2.17t AMS math features
\@mathmargin=\skip60
For additional information on amsmath, use the `?' option.

(d:/Program Files/Texlive/texlive/2025/texmf-dist/tex/latex/amsmath/amstext.sty
Package: amstext 2021/08/26 v2.01 AMS text
(d:/Program Files/Texlive/texlive/2025/texmf-dist/tex/latex/amsmath/amsgen.sty
File: amsgen.sty 1999/11/30 v2.0 generic functions
\@emptytoks=\toks19
\ex@=\dimen183
))
(d:/Program Files/Texlive/texlive/2025/texmf-dist/tex/latex/amsmath/amsbsy.sty
Package: amsbsy 1999/11/29 v1.2d Bold Symbols
\pmbraise@=\dimen184
) (d:/Program Files/Texlive/texlive/2025/texmf-dist/tex/latex/amsmath/amsopn.st
y
Package: amsopn 2022/04/08 v2.04 operator names
)
\inf@bad=\count301
LaTeX Info: Redefining \frac on input line 233.
\uproot@=\count302
\leftroot@=\count303
LaTeX Info: Redefining \overline on input line 398.
LaTeX Info: Redefining \colon on input line 409.
\classnum@=\count304
\DOTSCASE@=\count305
LaTeX Info: Redefining \ldots on input line 495.
LaTeX Info: Redefining \dots on input line 498.
LaTeX Info: Redefining \cdots on input line 619.
\Mathstrutbox@=\box56
\strutbox@=\box57
LaTeX Info: Redefining \big on input line 721.
LaTeX Info: Redefining \Big on input line 722.
LaTeX Info: Redefining \bigg on input line 723.
LaTeX Info: Redefining \Bigg on input line 724.
\big@size=\dimen185
LaTeX Font Info:    Redeclaring font encoding OML on input line 742.
LaTeX Font Info:    Redeclaring font encoding OMS on input line 743.
\macc@depth=\count306
LaTeX Info: Redefining \bmod on input line 904.
LaTeX Info: Redefining \pmod on input line 909.
LaTeX Info: Redefining \smash on input line 939.
LaTeX Info: Redefining \relbar on input line 969.
LaTeX Info: Redefining \Relbar on input line 970.
\c@MaxMatrixCols=\count307
\dotsspace@=\muskip17
\c@parentequation=\count308
\dspbrk@lvl=\count309
\tag@help=\toks20
\row@=\count310
\column@=\count311
\maxfields@=\count312
\andhelp@=\toks21
\eqnshift@=\dimen186
\alignsep@=\dimen187
\tagshift@=\dimen188
\tagwidth@=\dimen189
\totwidth@=\dimen190
\lineht@=\dimen191
\@envbody=\toks22
\multlinegap=\skip61
\multlinetaggap=\skip62
\mathdisplay@stack=\toks23
LaTeX Info: Redefining \[ on input line 2953.
LaTeX Info: Redefining \] on input line 2954.
)
(d:/Program Files/Texlive/texlive/2025/texmf-dist/tex/latex/amsfonts/amssymb.st
y
Package: amssymb 2013/01/14 v3.01 AMS font symbols

(d:/Program Files/Texlive/texlive/2025/texmf-dist/tex/latex/amsfonts/amsfonts.s
ty
Package: amsfonts 2013/01/14 v3.01 Basic AMSFonts support
\symAMSa=\mathgroup4
\symAMSb=\mathgroup5
LaTeX Font Info:    Redeclaring math symbol \hbar on input line 98.
LaTeX Font Info:    Overwriting math alphabet `\mathfrak' in version `bold'
(Font)                  U/euf/m/n --> U/euf/b/n on input line 106.
)) (d:/Program Files/Texlive/texlive/2025/texmf-dist/tex/latex/tools/bm.sty
Package: bm 2023/12/19 v1.2f Bold Symbol Support (DPC/FMi)
\symboldoperators=\mathgroup6
\symboldletters=\mathgroup7
\symboldsymbols=\mathgroup8
Package bm Info: No bold for \OMX/cmex/m/n, using \pmb.
Package bm Info: No bold for \U/msa/m/n, using \pmb.
Package bm Info: No bold for \U/msb/m/n, using \pmb.
LaTeX Font Info:    Redeclaring math alphabet \mathbf on input line 149.
)
(d:/Program Files/Texlive/texlive/2025/texmf-dist/tex/latex/graphics/graphicx.s
ty
Package: graphicx 2021/09/16 v1.2d Enhanced LaTeX Graphics (DPC,SPQR)

(d:/Program Files/Texlive/texlive/2025/texmf-dist/tex/latex/graphics/graphics.s
ty
Package: graphics 2024/08/06 v1.4g Standard LaTeX Graphics (DPC,SPQR)

(d:/Program Files/Texlive/texlive/2025/texmf-dist/tex/latex/graphics/trig.sty
Package: trig 2023/12/02 v1.11 sin cos tan (DPC)
)
(d:/Program Files/Texlive/texlive/2025/texmf-dist/tex/latex/graphics-cfg/graphi
cs.cfg
File: graphics.cfg 2016/06/04 v1.11 sample graphics configuration
)
Package graphics Info: Driver file: xetex.def on input line 106.

(d:/Program Files/Texlive/texlive/2025/texmf-dist/tex/latex/graphics-def/xetex.
def
File: xetex.def 2022/09/22 v5.0n Graphics/color driver for xetex
))
\Gin@req@height=\dimen192
\Gin@req@width=\dimen193
)
(d:/Program Files/Texlive/texlive/2025/texmf-dist/tex/latex/booktabs/booktabs.s
ty
Package: booktabs 2020/01/12 v1.61803398 Publication quality tables
\heavyrulewidth=\dimen194
\lightrulewidth=\dimen195
\cmidrulewidth=\dimen196
\belowrulesep=\dimen197
\belowbottomsep=\dimen198
\aboverulesep=\dimen199
\abovetopsep=\dimen256
\cmidrulesep=\dimen257
\cmidrulekern=\dimen258
\defaultaddspace=\dimen259
\@cmidla=\count313
\@cmidlb=\count314
\@aboverulesep=\dimen260
\@belowrulesep=\dimen261
\@thisruleclass=\count315
\@lastruleclass=\count316
\@thisrulewidth=\dimen262
)
(d:/Program Files/Texlive/texlive/2025/texmf-dist/tex/latex/tools/tabularx.sty
Package: tabularx 2023/12/11 v2.12a `tabularx' package (DPC)

(d:/Program Files/Texlive/texlive/2025/texmf-dist/tex/latex/tools/array.sty
Package: array 2024/10/17 v2.6g Tabular extension package (FMi)
\col@sep=\dimen263
\ar@mcellbox=\box58
\extrarowheight=\dimen264
\NC@list=\toks24
\extratabsurround=\skip63
\backup@length=\skip64
\ar@cellbox=\box59
)
\TX@col@width=\dimen265
\TX@old@table=\dimen266
\TX@old@col=\dimen267
\TX@target=\dimen268
\TX@delta=\dimen269
\TX@cols=\count317
\TX@ftn=\toks25
)
(d:/Program Files/Texlive/texlive/2025/texmf-dist/tex/latex/multirow/multirow.s
ty
Package: multirow 2024/11/12 v2.9 Span multiple rows of a table
\multirow@colwidth=\skip65
\multirow@cntb=\count318
\multirow@dima=\skip66
\bigstrutjot=\dimen270
)
(d:/Program Files/Texlive/texlive/2025/texmf-dist/tex/latex/tools/longtable.sty
Package: longtable 2024-10-27 v4.22 Multi-page Table package (DPC)
\LTleft=\skip67
\LTright=\skip68
\LTpre=\skip69
\LTpost=\skip70
\LTchunksize=\count319
\LTcapwidth=\dimen271
\LT@head=\box60
\LT@firsthead=\box61
\LT@foot=\box62
\LT@lastfoot=\box63
\LT@gbox=\box64
\LT@cols=\count320
\LT@rows=\count321
\c@LT@tables=\count322
\c@LT@chunks=\count323
\LT@p@ftn=\toks26
) (d:/Program Files/Texlive/texlive/2025/texmf-dist/tex/latex/float/float.sty
Package: float 2001/11/08 v1.3d Float enhancements (AL)
\c@float@type=\count324
\float@exts=\toks27
\float@box=\box65
\@float@everytoks=\toks28
\@floatcapt=\box66
)
(d:/Program Files/Texlive/texlive/2025/texmf-dist/tex/latex/siunitx/siunitx.sty
Package: siunitx 2025-02-27 v3.4.6 A comprehensive (SI) units package
\l__siunitx_number_uncert_offset_int=\count325
\l__siunitx_number_exponent_fixed_int=\count326
\l__siunitx_number_min_decimal_int=\count327
\l__siunitx_number_min_integer_int=\count328
\l__siunitx_number_round_precision_int=\count329
\l__siunitx_number_lower_threshold_int=\count330
\l__siunitx_number_upper_threshold_int=\count331
\l__siunitx_number_group_first_int=\count332
\l__siunitx_number_group_size_int=\count333
\l__siunitx_number_group_minimum_int=\count334
\l__siunitx_angle_tmp_dim=\dimen272
\l__siunitx_angle_marker_box=\box67
\l__siunitx_angle_unit_box=\box68
\l__siunitx_compound_count_int=\count335

(d:/Program Files/Texlive/texlive/2025/texmf-dist/tex/latex/translations/transl
ations.sty
Package: translations 2022/02/05 v1.12 internationalization of LaTeX2e packages
 (CN)

(d:/Program Files/Texlive/texlive/2025/texmf-dist/tex/latex/etoolbox/etoolbox.s
ty
Package: etoolbox 2025/02/11 v2.5l e-TeX tools for LaTeX (JAW)
\etb@tempcnta=\count336
)
(d:/Program Files/Texlive/texlive/2025/texmf-dist/tex/generic/pdftexcmds/pdftex
cmds.sty
Package: pdftexcmds 2020-06-27 v0.33 Utility functions of pdfTeX for LuaTeX (HO
)

(d:/Program Files/Texlive/texlive/2025/texmf-dist/tex/generic/infwarerr/infware
rr.sty
Package: infwarerr 2019/12/03 v1.5 Providing info/warning/error messages (HO)
)
(d:/Program Files/Texlive/texlive/2025/texmf-dist/tex/generic/ltxcmds/ltxcmds.s
ty
Package: ltxcmds 2023-12-04 v1.26 LaTeX kernel commands for general use (HO)
)
Package pdftexcmds Info: \pdf@primitive is available.
Package pdftexcmds Info: \pdf@ifprimitive is available.
Package pdftexcmds Info: \pdfdraftmode not found.
))
\l__siunitx_table_tmp_box=\box69
\l__siunitx_table_tmp_dim=\dimen273
\l__siunitx_table_column_width_dim=\dimen274
\l__siunitx_table_integer_box=\box70
\l__siunitx_table_decimal_box=\box71
\l__siunitx_table_uncert_box=\box72
\l__siunitx_table_before_box=\box73
\l__siunitx_table_after_box=\box74
\l__siunitx_table_before_dim=\dimen275
\l__siunitx_table_carry_dim=\dimen276
\l__siunitx_unit_tmp_int=\count337
\l__siunitx_unit_position_int=\count338
\l__siunitx_unit_total_int=\count339
)
(d:/Program Files/Texlive/texlive/2025/texmf-dist/tex/latex/enumitem/enumitem.s
ty
Package: enumitem 2025/02/06 v3.11 Customized lists
\labelindent=\skip71
\enit@outerparindent=\dimen277
\enit@toks=\toks29
\enit@inbox=\box75
\enit@count@id=\count340
\enitdp@description=\count341
)
(d:/Program Files/Texlive/texlive/2025/texmf-dist/tex/latex/caption/caption.sty
Package: caption 2023/08/05 v3.6o Customizing captions (AR)

(d:/Program Files/Texlive/texlive/2025/texmf-dist/tex/latex/caption/caption3.st
y
Package: caption3 2023/07/31 v2.4d caption3 kernel (AR)
\caption@tempdima=\dimen278
\captionmargin=\dimen279
\caption@leftmargin=\dimen280
\caption@rightmargin=\dimen281
\caption@width=\dimen282
\caption@indent=\dimen283
\caption@parindent=\dimen284
\caption@hangindent=\dimen285
Package caption Info: Standard document class detected.
)
\c@caption@flags=\count342
\c@continuedfloat=\count343
Package caption Info: float package is loaded.
Package caption Info: longtable package is loaded.

(d:/Program Files/Texlive/texlive/2025/texmf-dist/tex/latex/caption/ltcaption.s
ty
Package: ltcaption 2021/01/08 v1.4c longtable captions (AR)
))
(d:/Program Files/Texlive/texlive/2025/texmf-dist/tex/latex/xcolor/xcolor.sty
Package: xcolor 2024/09/29 v3.02 LaTeX color extensions (UK)

(d:/Program Files/Texlive/texlive/2025/texmf-dist/tex/latex/graphics-cfg/color.
cfg
File: color.cfg 2016/01/02 v1.6 sample color configuration
)
Package xcolor Info: Driver file: xetex.def on input line 274.

(d:/Program Files/Texlive/texlive/2025/texmf-dist/tex/latex/graphics/mathcolor.
ltx)
Package xcolor Info: Model `cmy' substituted by `cmy0' on input line 1349.
Package xcolor Info: Model `RGB' extended on input line 1365.
Package xcolor Info: Model `HTML' substituted by `rgb' on input line 1367.
Package xcolor Info: Model `Hsb' substituted by `hsb' on input line 1368.
Package xcolor Info: Model `tHsb' substituted by `hsb' on input line 1369.
Package xcolor Info: Model `HSB' substituted by `hsb' on input line 1370.
Package xcolor Info: Model `Gray' substituted by `gray' on input line 1371.
Package xcolor Info: Model `wave' substituted by `hsb' on input line 1372.
)
(d:/Program Files/Texlive/texlive/2025/texmf-dist/tex/latex/fancyhdr/fancyhdr.s
ty
Package: fancyhdr 2025/02/07 v5.2 Extensive control of page headers and footers

\f@nch@headwidth=\skip72
\f@nch@offset@elh=\skip73
\f@nch@offset@erh=\skip74
\f@nch@offset@olh=\skip75
\f@nch@offset@orh=\skip76
\f@nch@offset@elf=\skip77
\f@nch@offset@erf=\skip78
\f@nch@offset@olf=\skip79
\f@nch@offset@orf=\skip80
\f@nch@height=\skip81
\f@nch@footalignment=\skip82
\f@nch@widthL=\skip83
\f@nch@widthC=\skip84
\f@nch@widthR=\skip85
\@temptokenb=\toks30
)
(d:/Program Files/Texlive/texlive/2025/texmf-dist/tex/latex/hyperref/hyperref.s
ty
Package: hyperref 2024-11-05 v7.01l Hypertext links for LaTeX

(d:/Program Files/Texlive/texlive/2025/texmf-dist/tex/latex/kvsetkeys/kvsetkeys
.sty
Package: kvsetkeys 2022-10-05 v1.19 Key value parser (HO)
)
(d:/Program Files/Texlive/texlive/2025/texmf-dist/tex/generic/kvdefinekeys/kvde
finekeys.sty
Package: kvdefinekeys 2019-12-19 v1.6 Define keys (HO)
)
(d:/Program Files/Texlive/texlive/2025/texmf-dist/tex/generic/pdfescape/pdfesca
pe.sty
Package: pdfescape 2019/12/09 v1.15 Implements pdfTeX's escape features (HO)
)
(d:/Program Files/Texlive/texlive/2025/texmf-dist/tex/latex/hycolor/hycolor.sty
Package: hycolor 2020-01-27 v1.10 Color options for hyperref/bookmark (HO)
)
(d:/Program Files/Texlive/texlive/2025/texmf-dist/tex/latex/hyperref/nameref.st
y
Package: nameref 2023-11-26 v2.56 Cross-referencing by name of section

(d:/Program Files/Texlive/texlive/2025/texmf-dist/tex/latex/refcount/refcount.s
ty
Package: refcount 2019/12/15 v3.6 Data extraction from label references (HO)
)
(d:/Program Files/Texlive/texlive/2025/texmf-dist/tex/generic/gettitlestring/ge
ttitlestring.sty
Package: gettitlestring 2019/12/15 v1.6 Cleanup title references (HO)

(d:/Program Files/Texlive/texlive/2025/texmf-dist/tex/latex/kvoptions/kvoptions
.sty
Package: kvoptions 2022-06-15 v3.15 Key value format for package options (HO)
))
\c@section@level=\count344
)
(d:/Program Files/Texlive/texlive/2025/texmf-dist/tex/generic/stringenc/stringe
nc.sty
Package: stringenc 2019/11/29 v1.12 Convert strings between diff. encodings (HO
)
)
\@linkdim=\dimen286
\Hy@linkcounter=\count345
\Hy@pagecounter=\count346

(d:/Program Files/Texlive/texlive/2025/texmf-dist/tex/latex/hyperref/pd1enc.def
File: pd1enc.def 2024-11-05 v7.01l Hyperref: PDFDocEncoding definition (HO)
)
(d:/Program Files/Texlive/texlive/2025/texmf-dist/tex/generic/intcalc/intcalc.s
ty
Package: intcalc 2019/12/15 v1.3 Expandable calculations with integers (HO)
)
\Hy@SavedSpaceFactor=\count347

(d:/Program Files/Texlive/texlive/2025/texmf-dist/tex/latex/hyperref/puenc.def
File: puenc.def 2024-11-05 v7.01l Hyperref: PDF Unicode definition (HO)
)
Package hyperref Info: Option `unicode' set `true' on input line 4040.
Package hyperref Info: Option `unicode' set `true' on input line 4040.
Package hyperref Info: Hyper figures OFF on input line 4157.
Package hyperref Info: Link nesting OFF on input line 4162.
Package hyperref Info: Hyper index ON on input line 4165.
Package hyperref Info: Plain pages OFF on input line 4172.
Package hyperref Info: Backreferencing OFF on input line 4177.
Package hyperref Info: Implicit mode ON; LaTeX internals redefined.
Package hyperref Info: Bookmarks ON on input line 4424.
\c@Hy@tempcnt=\count348
(d:/Program Files/Texlive/texlive/2025/texmf-dist/tex/latex/url/url.sty
\Urlmuskip=\muskip18
Package: url 2013/09/16  ver 3.4  Verb mode for urls, etc.
)
LaTeX Info: Redefining \url on input line 4763.
\XeTeXLinkMargin=\dimen287

(d:/Program Files/Texlive/texlive/2025/texmf-dist/tex/generic/bitset/bitset.sty
Package: bitset 2019/12/09 v1.3 Handle bit-vector datatype (HO)

(d:/Program Files/Texlive/texlive/2025/texmf-dist/tex/generic/bigintcalc/bigint
calc.sty
Package: bigintcalc 2019/12/15 v1.5 Expandable calculations on big integers (HO
)
))
\Fld@menulength=\count349
\Field@Width=\dimen288
\Fld@charsize=\dimen289
Package hyperref Info: Hyper figures OFF on input line 6042.
Package hyperref Info: Link nesting OFF on input line 6047.
Package hyperref Info: Hyper index ON on input line 6050.
Package hyperref Info: backreferencing OFF on input line 6057.
Package hyperref Info: Link coloring OFF on input line 6062.
Package hyperref Info: Link coloring with OCG OFF on input line 6067.
Package hyperref Info: PDF/A mode OFF on input line 6072.

(d:/Program Files/Texlive/texlive/2025/texmf-dist/tex/latex/base/atbegshi-ltx.s
ty
Package: atbegshi-ltx 2021/01/10 v1.0c Emulation of the original atbegshi
package with kernel methods
)
\Hy@abspage=\count350
\c@Item=\count351
\c@Hfootnote=\count352
)
Package hyperref Info: Driver (autodetected): hxetex.

(d:/Program Files/Texlive/texlive/2025/texmf-dist/tex/latex/hyperref/hxetex.def
File: hxetex.def 2024-11-05 v7.01l Hyperref driver for XeTeX
\pdfm@box=\box76
\c@Hy@AnnotLevel=\count353
\HyField@AnnotCount=\count354
\Fld@listcount=\count355
\c@bookmark@seq@number=\count356

(d:/Program Files/Texlive/texlive/2025/texmf-dist/tex/latex/rerunfilecheck/reru
nfilecheck.sty
Package: rerunfilecheck 2022-07-10 v1.10 Rerun checks for auxiliary files (HO)

(d:/Program Files/Texlive/texlive/2025/texmf-dist/tex/latex/base/atveryend-ltx.
sty
Package: atveryend-ltx 2020/08/19 v1.0a Emulation of the original atveryend pac
kage
with kernel methods
)
(d:/Program Files/Texlive/texlive/2025/texmf-dist/tex/generic/uniquecounter/uni
quecounter.sty
Package: uniquecounter 2019/12/15 v1.4 Provide unlimited unique counter (HO)
)
Package uniquecounter Info: New unique counter `rerunfilecheck' on input line 2
85.
)
\Hy@SectionHShift=\skip86
)
(d:/Program Files/Texlive/texlive/2025/texmf-dist/tex/latex/bookmark/bookmark.s
ty
Package: bookmark 2023-12-10 v1.31 PDF bookmarks (HO)

(d:/Program Files/Texlive/texlive/2025/texmf-dist/tex/latex/bookmark/bkm-dvipdf
m.def
File: bkm-dvipdfm.def 2023-12-10 v1.31 bookmark driver for dvipdfm (HO)
\BKM@id=\count357
))
Package translations Info: No language package found. I am going to use `englis
h' as default language. on input line 60.
 (build/main.aux)
\openout1 = `main.aux'.

LaTeX Font Info:    Checking defaults for OML/cmm/m/it on input line 60.
LaTeX Font Info:    ... okay on input line 60.
LaTeX Font Info:    Checking defaults for OMS/cmsy/m/n on input line 60.
LaTeX Font Info:    ... okay on input line 60.
LaTeX Font Info:    Checking defaults for OT1/cmr/m/n on input line 60.
LaTeX Font Info:    ... okay on input line 60.
LaTeX Font Info:    Checking defaults for T1/cmr/m/n on input line 60.
LaTeX Font Info:    ... okay on input line 60.
LaTeX Font Info:    Checking defaults for TS1/cmr/m/n on input line 60.
LaTeX Font Info:    ... okay on input line 60.
LaTeX Font Info:    Checking defaults for TU/lmr/m/n on input line 60.
LaTeX Font Info:    ... okay on input line 60.
LaTeX Font Info:    Checking defaults for OMX/cmex/m/n on input line 60.
LaTeX Font Info:    ... okay on input line 60.
LaTeX Font Info:    Checking defaults for U/cmr/m/n on input line 60.
LaTeX Font Info:    ... okay on input line 60.
LaTeX Font Info:    Checking defaults for PD1/pdf/m/n on input line 60.
LaTeX Font Info:    ... okay on input line 60.
LaTeX Font Info:    Checking defaults for PU/pdf/m/n on input line 60.
LaTeX Font Info:    ... okay on input line 60.

Package fontspec Info: 
(fontspec)             Adjusting the maths setup (use [no-math] to avoid
(fontspec)             this).

\symlegacymaths=\mathgroup9
LaTeX Font Info:    Overwriting symbol font `legacymaths' in version `bold'
(Font)                  OT1/cmr/m/n --> OT1/cmr/bx/n on input line 60.
LaTeX Font Info:    Redeclaring math accent \acute on input line 60.
LaTeX Font Info:    Redeclaring math accent \grave on input line 60.
LaTeX Font Info:    Redeclaring math accent \ddot on input line 60.
LaTeX Font Info:    Redeclaring math accent \tilde on input line 60.
LaTeX Font Info:    Redeclaring math accent \bar on input line 60.
LaTeX Font Info:    Redeclaring math accent \breve on input line 60.
LaTeX Font Info:    Redeclaring math accent \check on input line 60.
LaTeX Font Info:    Redeclaring math accent \hat on input line 60.
LaTeX Font Info:    Redeclaring math accent \dot on input line 60.
LaTeX Font Info:    Redeclaring math accent \mathring on input line 60.
LaTeX Font Info:    Redeclaring math symbol \Gamma on input line 60.
LaTeX Font Info:    Redeclaring math symbol \Delta on input line 60.
LaTeX Font Info:    Redeclaring math symbol \Theta on input line 60.
LaTeX Font Info:    Redeclaring math symbol \Lambda on input line 60.
LaTeX Font Info:    Redeclaring math symbol \Xi on input line 60.
LaTeX Font Info:    Redeclaring math symbol \Pi on input line 60.
LaTeX Font Info:    Redeclaring math symbol \Sigma on input line 60.
LaTeX Font Info:    Redeclaring math symbol \Upsilon on input line 60.
LaTeX Font Info:    Redeclaring math symbol \Phi on input line 60.
LaTeX Font Info:    Redeclaring math symbol \Psi on input line 60.
LaTeX Font Info:    Redeclaring math symbol \Omega on input line 60.
LaTeX Font Info:    Redeclaring math symbol \mathdollar on input line 60.
LaTeX Font Info:    Redeclaring symbol font `operators' on input line 60.
LaTeX Font Info:    Encoding `OT1' has changed to `TU' for symbol font
(Font)              `operators' in the math version `normal' on input line 60.
LaTeX Font Info:    Overwriting symbol font `operators' in version `normal'
(Font)                  OT1/cmr/m/n --> TU/lmr/m/n on input line 60.
LaTeX Font Info:    Encoding `OT1' has changed to `TU' for symbol font
(Font)              `operators' in the math version `bold' on input line 60.
LaTeX Font Info:    Overwriting symbol font `operators' in version `bold'
(Font)                  OT1/cmr/bx/n --> TU/lmr/m/n on input line 60.
LaTeX Font Info:    Overwriting symbol font `operators' in version `normal'
(Font)                  TU/lmr/m/n --> TU/lmr/m/n on input line 60.
LaTeX Font Info:    Overwriting math alphabet `\mathit' in version `normal'
(Font)                  OT1/cmr/m/it --> TU/lmr/m/it on input line 60.
LaTeX Font Info:    Overwriting math alphabet `\mathbf' in version `normal'
(Font)                  OT1/cmr/bx/n --> TU/lmr/b/n on input line 60.
LaTeX Font Info:    Overwriting math alphabet `\mathsf' in version `normal'
(Font)                  OT1/cmss/m/n --> TU/lmss/m/n on input line 60.
LaTeX Font Info:    Overwriting math alphabet `\mathtt' in version `normal'
(Font)                  OT1/cmtt/m/n --> TU/lmtt/m/n on input line 60.
LaTeX Font Info:    Overwriting symbol font `operators' in version `bold'
(Font)                  TU/lmr/m/n --> TU/lmr/b/n on input line 60.
LaTeX Font Info:    Overwriting math alphabet `\mathit' in version `bold'
(Font)                  OT1/cmr/bx/it --> TU/lmr/b/it on input line 60.
LaTeX Font Info:    Overwriting math alphabet `\mathsf' in version `bold'
(Font)                  OT1/cmss/bx/n --> TU/lmss/b/n on input line 60.
LaTeX Font Info:    Overwriting math alphabet `\mathtt' in version `bold'
(Font)                  OT1/cmtt/m/n --> TU/lmtt/b/n on input line 60.

*geometry* driver: auto-detecting
*geometry* detected driver: xetex
*geometry* verbose mode - [ preamble ] result:
* driver: xetex
* paper: a4paper
* layout: <same size as paper>
* layoutoffset:(h,v)=(0.0pt,0.0pt)
* modes: 
* h-part:(L,W,R)=(79.6678pt, 446.70819pt, 71.13188pt)
* v-part:(T,H,B)=(73.97733pt, 697.0922pt, 73.97733pt)
* \paperwidth=597.50787pt
* \paperheight=845.04684pt
* \textwidth=446.70819pt
* \textheight=697.0922pt
* \oddsidemargin=7.39781pt
* \evensidemargin=7.39781pt
* \topmargin=-35.29266pt
* \headheight=14.0pt
* \headsep=25.0pt
* \topskip=12.0pt
* \footskip=30.0pt
* \marginparwidth=35.0pt
* \marginparsep=10.0pt
* \columnsep=10.0pt
* \skip\footins=10.8pt plus 4.0pt minus 2.0pt
* \hoffset=0.0pt
* \voffset=0.0pt
* \mag=1000
* \@twocolumnfalse
* \@twosidefalse
* \@mparswitchfalse
* \@reversemarginfalse
* (1in=72.27pt=25.4mm, 1cm=28.453pt)


(d:/Program Files/Texlive/texlive/2025/texmf-dist/tex/latex/translations/transl
ations-basic-dictionary-english.trsl
File: translations-basic-dictionary-english.trsl (english translation file `tra
nslations-basic-dictionary')
)
Package translations Info: loading dictionary `translations-basic-dictionary' f
or `english'. on input line 60.
Package caption Info: Begin \AtBeginDocument code.
Package caption Info: hyperref package is loaded.
Package caption Info: End \AtBeginDocument code.
Package hyperref Info: Link coloring OFF on input line 60.
Package hyperref Info: Option `pageanchor' set `false' on input line 61.
LaTeX Font Info:    Trying to load font information for U+msa on input line 72.


(d:/Program Files/Texlive/texlive/2025/texmf-dist/tex/latex/amsfonts/umsa.fd
File: umsa.fd 2013/01/14 v3.01 AMS symbols A
)
LaTeX Font Info:    Trying to load font information for U+msb on input line 72.


(d:/Program Files/Texlive/texlive/2025/texmf-dist/tex/latex/amsfonts/umsb.fd
File: umsb.fd 2013/01/14 v3.01 AMS symbols B
)

[1

]
Package hyperref Info: Option `pageanchor' set `true' on input line 80.


[1

] (build/main.toc

[2

]

[3]

[4]

[5]

[6])
\tf@toc=\write3
\openout3 = `main.toc'.



[7] (build/main.lof)
\tf@lof=\write4
\openout4 = `main.lof'.



[8


] (build/main.lot)
\tf@lot=\write5
\openout5 = `main.lot'.



[9


] (./chapters/chapter1.tex
第一章


[1


]

[2]

[3]
Underfull \hbox (badness 2181) in paragraph at lines 121--121
\TU/FandolSong-Regular(0)/m/n/12 年 度 因 果 滚 动 仿
 []



[4]) (./chapters/chapter2.tex

[5]
第二章


[6

]

[7]
Underfull \hbox (badness 2503) in paragraph at lines 109--109
[]|\TU/FandolSong-Regular(0)/m/n/12 汇 集 风 电 并 连 接 一 个 或
 []


Underfull \hbox (badness 10000) in paragraph at lines 109--109
[]|\TU/lmr/m/n/12 Power-to-X
 []


Underfull \hbox (badness 2503) in paragraph at lines 109--109
[]|\TU/FandolSong-Regular(0)/m/n/12 北 海 制 氢 与 电 基 燃 料 项
 []


Underfull \hbox (badness 10000) in paragraph at lines 109--109
[]|\TU/FandolSong-Regular(0)/m/n/12 示 范 与 规 划
 []


Underfull \hbox (badness 10000) in paragraph at lines 109--109
[]|\TU/FandolSong-Regular(0)/m/n/12 部 分 链 路 已
 []


Underfull \hbox (badness 2503) in paragraph at lines 109--109
[]|\TU/FandolSong-Regular(0)/m/n/12 可 再 生 能 源 直 供 海 上 或
 []



[8]

[9]
Underfull \hbox (badness 10000) in paragraph at lines 153--153
[]|\TU/FandolSong-Regular(0)/m/n/12 前 沿 技 术 驱
 []



[10]

[11]) (./chapters/chapter3.tex

[12]
第三章
File: figures/chapter3/fig3-1_system_architecture.png Graphic file (type bmp)
<figures/chapter3/fig3-1_system_architecture.png>


[13

]
Underfull \hbox (badness 1024) in paragraph at lines 42--42
[]|\TU/FandolSong-Regular(0)/m/n/12 风 机  |—|  浮 体  |—|  系 泊  |—|  动
 []


Underfull \hbox (badness 1460) in paragraph at lines 42--42
[]|\TU/FandolSong-Regular(0)/m/n/12 场 址 风 速、|  厂 家 功 率 曲
 []


Underfull \hbox (badness 10000) in paragraph at lines 42--42
[]|\TU/FandolSong-Regular(0)/m/n/12 可 预 测 补
 []


Underfull \hbox (badness 1460) in paragraph at lines 42--42
[]|\TU/FandolSong-Regular(0)/m/n/12 流 速 序 列、|  双 向 功 率 曲
 []


Underfull \hbox (badness 7221) in paragraph at lines 42--42
[]|\TU/FandolSong-Regular(0)/m/n/12 资 源 补 充\TU/lmr/m/n/12 /\TU/FandolSong-Regul
ar(0)/m/n/12 预
 []


Underfull \hbox (badness 1024) in paragraph at lines 42--42
[]|\TU/FandolSong-Regular(0)/m/n/12 波 高  |—|  周 期 二 维 功 率 矩
 []


Underfull \hbox (badness 1460) in paragraph at lines 42--42
[]|\TU/FandolSong-Regular(0)/m/n/12 海 况 联 合 分 布、|  功 率 矩
 []


Underfull \hbox (badness 1024) in paragraph at lines 42--42
\TU/FandolSong-Regular(0)/m/n/12 湿 等 不 得 隐 藏 在 净 发 电
 []


Underfull \hbox (badness 1024) in paragraph at lines 42--42
[]|\TU/FandolSong-Regular(0)/m/n/12 分 项 辅 机 负 荷 与 启 停 逻
 []



[14]

[15]
File: figures/chapter3/fig3-4_storage_timescales.png Graphic file (type bmp)
<figures/chapter3/fig3-4_storage_timescales.png>

Underfull \hbox (badness 1661) in paragraph at lines 129--129
[]|\TU/FandolSong-Regular(0)/m/n/12 型 式 试 验、|  设 备 联 调、|
 []


Underfull \hbox (badness 10000) in paragraph at lines 129--129
[]|\TU/FandolSong-Regular(0)/m/n/12 电 压 频 率 建 立、|  惯
 []


Underfull \hbox (badness 10000) in paragraph at lines 129--129
\TU/FandolSong-Regular(0)/m/n/12 量\TU/lmr/m/n/12 /\TU/FandolSong-Regular(0)/m/n
/12 下 垂 响 应、|  限 流、|
 []


Underfull \hbox (badness 10000) in paragraph at lines 129--129
[]|\TU/FandolSong-Regular(0)/m/n/12 逐 时 能 量 分 配、|
 []


Underfull \hbox (badness 10000) in paragraph at lines 129--129
\TU/lmr/m/n/12 SOC/\TU/FandolSong-Regular(0)/m/n/12 库 存、|  合 同
 []



[16]

[17]
Underfull \hbox (badness 10000) in paragraph at lines 195--195
[]|\TU/FandolSong-Regular(0)/m/n/12 关 键 刚 性 任
 []



[18]

[19]
Underfull \hbox (badness 10000) in paragraph at lines 245--245
[]|\TU/FandolSong-Regular(0)/m/n/12 交 付 点
 []


Underfull \hbox (badness 4048) in paragraph at lines 245--245
\TU/lmr/m/n/12 MWh \TU/FandolSong-Regular(0)/m/n/12 及 功
 []


Underfull \hbox (badness 3635) in paragraph at lines 245--245
[]|\TU/FandolSong-Regular(0)/m/n/12 合 格 氢 \TU/lmr/m/n/12 kg\TU/FandolSong-Regul
ar(0)/m/n/12 、|
 []


Underfull \hbox (badness 3386) in paragraph at lines 245--245
\TU/FandolSong-Regular(0)/m/n/12 任 务 量 或 合
 []


Underfull \hbox (badness 4048) in paragraph at lines 245--245
[]|\TU/lmr/m/n/12 MWh \TU/FandolSong-Regular(0)/m/n/12 或 独
 []



[20]
Underfull \hbox (badness 10000) in paragraph at lines 303--303
[]|\TU/FandolSong-Regular(0)/m/n/10.95 漂 浮 式 光
 []


LaTeX Font Warning: Font shape `TU/FandolSong-Regular(0)/b/it' undefined
(Font)              using `TU/FandolSong-Regular(0)/b/n' instead on input line 
304.



[21]
Underfull \hbox (badness 2726) in paragraph at lines 333--333
[]|\TU/FandolSong-Regular(0)/m/n/10 漂 浮 式 风 机 组 与 整 机
 []


Underfull \hbox (badness 2726) in paragraph at lines 333--333
[]|\TU/FandolSong-Regular(0)/m/n/10 漂 浮 式 平 台 与 系 泊 系
 []


Underfull \hbox (badness 2726) in paragraph at lines 333--333
[]|\TU/FandolSong-Regular(0)/m/n/10 动 态 海 缆 与 深 远 海 输
 []


Underfull \hbox (badness 2726) in paragraph at lines 333--333
[]|\TU/FandolSong-Regular(0)/m/n/10 深 远 海 平 台 级 离 网 构
 []


Underfull \hbox (badness 2726) in paragraph at lines 333--333
[]|\TU/FandolSong-Regular(0)/m/n/10 海 底 绿 色 算 力 数 据 中
 []


Underfull \hbox (badness 10000) in paragraph at lines 333--333
[]|\TU/FandolSong-Regular(0)/m/n/10 源 储 算 用 协 同 调 度
 []



[22]
File: figures/chapter3/fig3-3_trl_assessment.png Graphic file (type bmp)
<figures/chapter3/fig3-3_trl_assessment.png>


[23]) (./chapter4_body.tex

[24]
第四章
(./sections/4_1_symbols.tex
Underfull \hbox (badness 4001) in paragraph at lines 35--35
[]|\TU/FandolSong-Regular(0)/m/n/12 电 池 能 量 状 态 和 构 网
 []


Underfull \hbox (badness 4001) in paragraph at lines 35--35
[]|\TU/FandolSong-Regular(0)/m/n/12 公 共 母 线 唯 一 功 率 总
 []


Underfull \hbox (badness 10000) in paragraph at lines 35--35
[]|\TU/FandolSong-Regular(0)/m/n/12 经 济\TU/lmr/m/n/12 –\TU/FandolSong-Regular(0
)/m/n/12 环 境\TU/lmr/m/n/12 –\TU/FandolSong-Regular(0)/m/n/12 可 靠 性 目
 []



[25

]

[26]) (./sections/4_2_renewables_load.tex

[27]

[28]

[29]) (./sections/4_3_cable_grid.tex

[30]

[31]) (./sections/4_4_battery.tex

[32]) (./sections/4_5_hydrogen.tex

[33]

[34]) (./sections/4_6_compute.tex

[35]

[36]

[37]

[38]

[39]) (./sections/4_7_power_balance.tex

[40]) (./sections/4_8_objective.tex

[41]

[42]) (./sections/4_9_capacity_planning.tex

[43]

[44]) (./sections/4_10_risk.tex

[45])) (./chapters/chapter5.tex

[46]
第五章


[47

]

[48]) (./chapters/chapter6.tex

[49]
第六章

Underfull \hbox (badness 10000) in paragraph at lines 28--28
[]|\TU/FandolSong-Regular(0)/m/n/12 国 能 牵 头 联 合 攻 关
 []



[50

]
Underfull \hbox (badness 6893) in paragraph at lines 58--58
[]|\TU/FandolSong-Regular(0)/m/n/10.95 电 力 交 易\TU/lmr/m/n/10.95 /\TU/FandolSong
-Regular(0)/m/n/10.95 长 期
 []



[51]
Underfull \hbox (badness 10000) in paragraph at lines 122--122
[]|\TU/FandolSong-Regular(0)/m/n/10.95 交 付 点
 []


Underfull \hbox (badness 10000) in paragraph at lines 122--122
[]|\TU/FandolSong-Regular(0)/m/n/10.95 合 格 产 品
 []


Underfull \hbox (badness 5446) in paragraph at lines 122--122
[]|\TU/FandolSong-Regular(0)/m/n/10.95 合 同 计 费 单
 []


Underfull \hbox (badness 7030) in paragraph at lines 122--122
[]|\TU/lmr/m/n/10.95 MWh \TU/FandolSong-Regular(0)/m/n/10.95 或 服
 []


Underfull \hbox (badness 10000) in paragraph at lines 122--122
[]|\TU/FandolSong-Regular(0)/m/n/10.95 绿 证 或
 []



[52]

[53]

[54]
Underfull \hbox (badness 10000) in paragraph at lines 240--240
[]|\TU/FandolSong-Regular(0)/m/n/12 最 小 验 证 系
 []


Underfull \hbox (badness 10000) in paragraph at lines 240--240
[]|\TU/FandolSong-Regular(0)/m/n/12 预 商 业 化 集
 []



[55]
Underfull \hbox (badness 2027) in paragraph at lines 267--267
[]|\TU/FandolSong-Regular(0)/m/n/10.95 储 能\TU/lmr/m/n/10.95 /\TU/FandolSong-Reg
ular(0)/m/n/10.95 电 力 电 子
 []


Underfull \hbox (badness 2027) in paragraph at lines 267--267
[]|\TU/FandolSong-Regular(0)/m/n/10.95 高 校 院 所\TU/lmr/m/n/10.95 /\TU/FandolSong
-Regular(0)/m/n/10.95 认 证
 []



[56]
Underfull \hbox (badness 3386) in paragraph at lines 292--292
[]|\TU/lmr/m/n/12 A \TU/FandolSong-Regular(0)/m/n/12 主 链 路 最
 []



[57]

[58]) (./chapters/chapter7.tex

[59]
第七章
) (./references.tex

[60

]

Package fontspec Info: 
(fontspec)             Script 'CJK' not explicitly supported within font
(fontspec)             'FandolFang-Regular'. Check the typeset output, and if
(fontspec)             it is okay then ignore this warning. Otherwise a
(fontspec)             different font should be chosen.


Package fontspec Info: 
(fontspec)             Font family 'FandolFang-Regular(0)' created for font
(fontspec)             'FandolFang-Regular' with options
(fontspec)             [Script={CJK},Extension={.otf}].
(fontspec)              
(fontspec)              This font family consists of the following NFSS
(fontspec)             series/shapes:
(fontspec)              
(fontspec)             - 'normal' (m/n) with NFSS spec.:
(fontspec)             <->"[FandolFang-Regular.otf]/OT:script=hani;language=dfl
t;"


Underfull \hbox (badness 3302) in paragraph at lines 25--28
[]\TU/lmr/m/n/12 IRENA. \TU/lmr/m/it/12 Floating Offshore Wind Outlook\TU/lmr/m
/n/12 . 2024. []$[][][][][] [] [] [] [][][] [] [][][][][] [] [][][] []
 []


Underfull \hbox (badness 2538) in paragraph at lines 30--33
[]\TU/lmr/m/n/12 DNV. \TU/lmr/m/it/12 Offshore Energy Islands\TU/lmr/m/n/12 . [
]$[][][][][] [] [] [] [][][] [] [][][] [] [][][] [] [][][][][][][][][][][][][][
][][][][] []
 []


Underfull \hbox (badness 10000) in paragraph at lines 35--38
[][][] [] [][] [] [][][][][][][][] [] [][][][][][][] [] [][][][][][] [] [][][][
][][][][][][][][][][][][][][][][][][][][][][][][][][][][] []
 []


Underfull \hbox (badness 10000) in paragraph at lines 40--43
[][] [] [][][][][][][][] [] [][][][][][][] [] [][][][][][] [] [][][][][][][][][
][][][][][][][][][][][][][][][][][][][][][][][] [] [][][][][]$[]\TU/lmr/m/n/12 
.
 []


Underfull \hbox (badness 10000) in paragraph at lines 45--48
[]\TU/FandolSong-Regular(0)/m/n/12 国 家 能 源 集 团\TU/lmr/m/n/12 . \TU/FandolSong-R
egular(0)/m/n/12 宁 东 可 再 生 氢 碳 减 排 示 范 项 目 光 伏 并 网\TU/lmr/m/n/12 , 2023.
 []


Underfull \hbox (badness 10000) in paragraph at lines 45--48
[]$[][][][][] [] [] [] [][][] [] [][][][][][][][][] [] [][][] [] [][] [] [][][]
[][][][][] [] [][][][][][][] [] [][][][][][] []
 []



[61

]
Underfull \hbox (badness 3907) in paragraph at lines 72--76
[]\TU/FandolSong-Regular(0)/m/n/12 国 家 能 源 局\TU/lmr/m/n/12 . \TU/FandolSong-Reg
ular(0)/m/n/12 可 再 生 能 源 绿 色 电 力 证 书 管 理 实 施 细 则  |（试 行）| |（国 能 发
 []


Underfull \hbox (badness 10000) in paragraph at lines 72--76
\TU/FandolSong-Regular(0)/m/n/12 资 质 规  |〔\TU/lmr/m/n/12 2025\TU/FandolSong-Reg
ular(0)/m/n/12 〕| \TU/lmr/m/n/12 107 \TU/FandolSong-Regular(0)/m/n/12 号）| \TU/l
mr/m/n/12 , 2025. []$[][][][][] [] [] [] [][][] [] [][][] [] [][][] [] [][] [] 
[][][][][][][][] []
 []



[62]

[63])

[64] (build/main.aux)
 ***********
LaTeX2e <2024-11-01> patch level 2
L3 programming layer <2022/07/14>
 ***********


LaTeX Font Warning: Some font shapes were not available, defaults substituted.

 ) 
Here is how much of TeX's memory you used:
 24345 strings out of 473832
 596101 string characters out of 5723061
 928906 words of memory out of 5000000
 47028 multiletter control sequences out of 15000+600000
 575565 words of font info for 141 fonts, out of 8000000 for 9000
 1348 hyphenation exceptions out of 8191
 93i,14n,112p,1209b,1125s stack positions out of 10000i,1000n,20000p,200000b,200000s

Output written on build/main.xdv (74 pages, 1138248 bytes).
